4
0
304
624500075000000
1224510000
168644397
0
1182041
254749177810
2816275
0
7996
744
3712
356464
208430
141338
360070
475834
45344
264622
469092
188576
737598
66334
97578
118668
227817
335096
304812
9288280
221016
147890
179906
461482
248925
117656
84594
1006338
322338
15674
966
1626
59196
44
490
858
48054
5376
2
