4
0
304
624500075000000
1224510000
168644397
0
1182041
254749177810
2816275
0
7996
740
3705
356338
208182
132950
359678
475794
45240
264582
469092
188168
737298
66307
97478
116088
227777
335066
304564
9288147
220896
145483
179150
460860
246857
116893
84350
1004996
317364
15674
966
1626
59196
44
490
858
46484
5376
2
