###
C
RIAILLE
ERINGES
ARCONCEY
LAVARS
UCKANGE
CESNY-AUX-VIGNES
CHANOS-CURSON
GUINES
NOIRLIEU
REMELFANG
LANHOUARNEAU
NIEUIL
TOEUFLES
DURCET
CHAROST
VERRICOURT
POZIERES
SAINT-LEGER-AUX-BOIS
CHABOURNAY
NARBIEF
ROMANSWILLER
CERNY
GONDRECOURT-LE-CHATEAU
JULOS
PODENSAC
GILOCOURT
###
B
SAINT-LAURENT-DU-BOIS
CHANTRAINES
DURNINGEN
LAVIT
ZIMMING
MARCILLAC-LA-CROISILLE
FLORANGE
GUERET
LAUTENBACHZELL
GAUCHY
###
B
VEILLY
###
B
SAINT-AUBIN-DES-HAYES
JOSSIGNY
MARLIEUX
GOLLEVILLE
GISY-LES-NOBLES
ROCHES-LES-BLAMONT
BRIARRES-SUR-ESSONNE
MOURIES
###
B
QUESTRECQUES
###
B
SAINT-SYMPHORIEN-LE-VALOIS
###
A
ROUHLING
SAINT-SAVIN
WEYER
ESCHERANGE
MORTHOMIERS
###
A
HAMELIN
TARGASSONNE
PRADINAS
###
A
CHAMIGNY
GREMILLY
###
A
MILLY-SUR-THERAIN
GILHOC-SUR-ORMEZE
VILLETTE-SUR-AUBE
PLEUGUENEUC
###
A
GRAND-SANTI
###
A
HERBEVILLE
THONNE-LA-LONG
BOUZIGUES
SARNOIS
###
A
CANTOIN
PINO
MANY
LOULLE
###
A
BOUZANCOURT
OSTRICOURT
###
A
LION-EN-SULLIAS
VOIVRES-LES-LE-MANS
###
A
SAINT-CHRISTOL-LES-ALES
DAUSSE
ILLIES
SANCHEVILLE
ESPARTIGNAC
PALINGES
