###
C
DIONAY
BREUIL-BOIS-ROBERT
ARGENTON-L'EGLISE
FLEURE
FONTENAY-MAUVOISIN
RECOULES-D'AUBRAC
FREGIMONT
ONTEX
BERNEX
DAMPJOUX
BURES-LES-MONTS
MERILLAC
CHARLAS
COUDEHARD
VAUCHELLES-LES-QUESNOY
VALIGNY
ESPIRA-DE-L'AGLY
HOUILLES
ROUVRAY
AVESNELLES
BERGUENEUSE
SERICOURT
BAYERS
COMBRES-SOUS-LES-COTES
CABANAC-CAZAUX
SAINT-JUST-EN-BRIE
COLROY-LA-ROCHE
MONTIGNY-LE-GANNELON
CLIRON
SAINT-FIACRE
SAINT-AIGNAN-DES-GUES
###
C
PUTTIGNY
TEILHET
LAVAL-D'AURELLE
FROTEY-LES-LURE
CAZALS-DES-BAYLES
VANNAIRE
SAINT-DENIS-DES-MONTS
PRECILHON
BADEVEL
VOULTEGON
FORNEX
MAIRIEUX
MALAUZAT
NEVERS
VENDEUIL-CAPLY
BOERSCH
CHAVAGNE
CHAUCENNE
PEYRIAT
CONNAUX
ORMESSON
AMBRUGEAT
VILLEPERDRIX
VAL-DE-MEUSE
JOUDES
SAINT-CHRISTOLY-MEDOC
LANDORTHE
SAINT-JULIEN-SUR-CHER
BAZIEGE
###
C
NEZEL
MONTHOU-SUR-CHER
DURSTEL
DOUZY
CURGY
LAPARADE
GREZELS
BELLEHERBE
VINEZAC
LAISSAC
SAINT-MICHEL-ET-CHANVEAUX
CHATTE
FOURNOLS
BOUSSY-SAINT-ANTOINE
MONTEZIC
SAINT-BENOIT
CERISY-BULEUX
BOISYVON
SIOUVILLE-HAGUE
MONTFERRAND-LA-FARE
ANGLURE
EGUZON-CHANTOME
SAINT-LUMINE-DE-CLISSON
SAINT-PIERRE-LAVAL
SOLARO
MONT-BERNANCHON
CELLE
###
C
GRANDVELLE-ET-LE-PERRENOT
VIREY-SOUS-BAR
MONTAMY
BLAISY-BAS
BOIS-D'AMONT
DURANCE
SAINT-CIERS-SUR-GIRONDE
CHAMALOC
LEPAUD
CAUDECOSTE
BOURLENS
MAIGNAUT-TAUZIA
LURCY-LE-BOURG
SAINT-ANTHOT
SARREMEZAN
FRETHUN
LAUBERT
SAINT-PAUL-EN-FORET
VERNOSC-LES-ANNONAY
BRUEBACH
AUREILLE
MIRAMONT-DE-QUERCY
BOURG-SAINT-MAURICE
MOUCHARD
POMEROL
ARGENTON-LES-VALLEES
HERES
SAINT-JEAN-DE-LA-PORTE
###
C
BAUGY
BONNEUIL-SUR-MARNE
THIERVILLE-SUR-MEUSE
VILLECOMTE
SAINT-GERMAIN-LAPRADE
VILLENEUVE-SOUS-PYMONT
PITHIVIERS-LE-VIEIL
FONTAINE-FRANCAISE
POINSENOT
SAINT-JULIEN-DU-PINET
DENTING
REMILLY
JONZAC
ENTREMONT
FLORENTIA
SAINT-MICHEL
VERRIERES-EN-FOREZ
SANRY-SUR-NIED
###
B
SION-LES-MINES
CASTANET-TOLOSAN
ROCHEFORT-EN-VALDAINE
BOTMEUR
YEVRES
LYE
AGHIONE
HEMONSTOIR
CAMPOURIEZ
FRONSAC
RAMMERSMATT
PERVENCHERES
###
B
NOIZAY
CRESPIERES
SAINT-DENISCOURT
SAINT-SERNIN
NEUVILLEY
VERDUN-SUR-LE-DOUBS
LUGLON
MAY-EN-MULTIEN
VILLEFRANCHE-DE-PANAT
CHAUDEFONDS-SUR-LAYON
###
B
WALBOURG
VELLEROT-LES-BELVOIR
BETTEMBOS
SAINTE-FLAIVE-DES-LOUPS
SAINT-MARTIN-DE-NIGELLES
ANHAUX
WEISLINGEN
GRAILHEN
ARLEUF
BARAQUEVILLE
MAZERES-LEZONS
###
B
ILE-DE-SEIN
OYE-ET-PALLET
SAINT-RIVOAL
CHAMBON-SAINTE-CROIX
VILLEMANOCHE
MARIGNAC
NEUILLAY-LES-BOIS
CLOYES-SUR-LE-LOIR
PIERREFEU-DU-VAR
REGNIOWEZ
BUSSY-LETTREE
JAUX
###
B
BIGORNO
VELVING
THOREY-SOUS-CHARNY
VENTELAY
MOUAIS
FAY-EN-MONTAGNE
SAINTE-CROIX
ETOUY
RIEUSSEC
###
B
FENOUILLET-DU-RAZES
CUCHERY
GRANGE-DE-VAIVRE
LEGNY
JULLIANGES
SAINT-MARTIN-DES-OLMES
VERCOIRAN
BOUCONVILLE
###
B
PARNANS
ANGLARS
POZIERES
LENCLOITRE
###
B
ORCHAMPS-VENNES
THIBOUVILLE
SAINT-AUBIN-DE-SCELLON
SAINT-ETIENNE-DE-CHOMEIL
VIC-LA-GARDIOLE
SAINT-PLANCHERS
ESCAUDES
VILLOTTE-SUR-AIRE
LONGUEAU
EVRANGE
###
B
VALGORGE
MARTHOD
WALHEIM
GASTES
NEFFIES
BEAUVOIR-EN-ROYANS
CABRESPINE
PLOUNEOUR-MENEZ
SAINT-GERMAIN-LES-BELLES
###
B
TILHOUSE
LOCQUIREC
COULOGNE
POUGNE-HERISSON
LAHAGE
ERIN
FENIOUX
GENTIOUX-PIGEROLLES
AUXON-DESSOUS
DOUADIC
CROUZET-MIGETTE
ORAIN
NEUILLE
###
B
VALBONNAIS
BUXIERES-SOUS-MONTAIGUT
AIGREMONT
BOURVILLE
###
B
RICHELIEU
###
B
FEREBRIANGES
SEGREVILLE
DROUE-SUR-DROUETTE
LASGRAISSES
LUBY-BETMONT
PRECY-SOUS-THIL
FARGUES-SAINT-HILAIRE
NEAUX
PLOUAY
###
B
NEUVILLE-SAINT-VAAST
CEYSSAC
MULHOUSE
EVRICOURT
###
B
MEZEROLLES
SAINT-ANTONIN-DE-SOMMAIRE
SAINT-CHARLES-LA-FORET
SAILLY-ACHATEL
VALESCOURT
LAFITOLE
###
A
SAINT-ESTEVE-JANSON
MAREUIL-SUR-LAY-DISSAIS
VANVEY
COURCELLES-SOUS-MOYENCOURT
CANETTEMONT
SAINT-JULIEN-DES-POINTS
###
A
ALISSAS
HAUT-DU-THEM-CHATEAU-LAMBERT
OUROUX-SOUS-LE-BOIS-SAINTE-MARIE
ARESSY
HYMONT
###
A
MORGANX
BATTEXEY
HEUGAS
SAINT-JEAN-DE-COUZ
PIEGON
CROUTOY
###
A
CAZAUX-FRECHET-ANERAN-CAMORS
LAJO
BELLECHAUME
SERVILLE
SAINT-MARTIN-AU-BOSC
###
A
CHATELARD
QUESTRECQUES
SAINT-BARTHELEMY
CAIRANNE
ARPENANS
###
A
BRAINVILLE-SUR-MEUSE
DUN-LE-POELIER
###
A
POCANCY
VALMY
ORBEY
SAINT-JULIEN-DU-VERDON
###
A
SAINT-VALLIER
###
A
NABIRAT
CHEVAGNES
URVILLERS
COMMER
PARGNY-LA-DHUYS
###
A
FOUGEROLLES
###
A
TRAMECOURT
SAINT-BARD
SAINT-MARTIN-DE-FUGERES
VAL-DE-VESLE
###
A
ROQUEFORT-SUR-GARONNE
PASSY-GRIGNY
OLONZAC
FONTENOUILLES
MONTRIEUX-EN-SOLOGNE
BERCK
VILLEVEYRAC
###
A
LOURDIOS-ICHERE
THISE
ARSAGUE
###
A
BRANCOURT-EN-LAONNOIS
SAINT-DENIS-DES-MURS
ASPRIERES
VISSEICHE
###
A
JOUVENCON
SAPONAY
LAPEYRUGUE
###
A
VERTUS
DURBAN-SUR-ARIZE
###
A
SALENCY
ARDON
###
A
CESSET
MAISON-MAUGIS
BOUILLAND
###
A
GARNAT-SUR-ENGIEVRE
AVESNES-LE-SEC
GORRE
MOROGUES
###
A
SAINT-JULIEN-L'ARS
###
A
CHALLERANGE
SAINT-JEAN-D'AUBRIGOUX
LONDIGNY
###
A
RHUIS
###
A
LAGNY
SARRIANS
NARCY
GORNIES
###
A
NERVILLE-LA-FORET
CORBERE-ABERES
SAINT-PIERRE-DE-CLAIRAC
TRENTELS
BONNARD
###
A
GOURBIT
MENNEVRET
SAINT-ETIENNE-DE-VICQ
###
A
MENCHHOFFEN
###
A
RAZENGUES
###
A
PONT-DE-BARRET
AUBENAS
###
A
BUNZAC
ESTIALESCQ
###
A
PLAISIR
MONTAULIN
VY-LES-FILAIN
ANZAT-LE-LUGUET
SEVEUX
