###
C
LANDIGOU
GOURDIEGES
MARQUEGLISE
MONCLAR-DE-QUERCY
BELMONT
LANUEJOLS
SAN-GIOVANNI-DI-MORIANI
DOUAI
FONS-SUR-LUSSAN
PEL-ET-DER
PISIEU
SAFFRE
HOLQUE
TERREFONDREE
CHAUVRY
EUVILLE
SOMLOIRE
SAINT-GERMIER
ADINFER
SALIGNAC-EYVIGUES
MONTROTTIER
SAINTE-CROIX-SUR-BUCHY
CHALEZE
LONGAULNAY
TOUR-DE-FAURE
GRATOT
VILLERS-SOUS-PRENY
CHAMPIGNEULLES
COURTERON
CHAZELLES-SUR-LAVIEU
AVERON-BERGELLE
TERROU
TOURNOUS-DARRE
CHALLES
DOMJULIEN
CHAMBONCHARD
CRUX-LA-VILLE
MONFREVILLE
###
C
PRATZ
LOZAY
CAZOULES
OROER
MONTBRUN-LAURAGAIS
CERNION
CIVIERES
LASSAY-LES-CHATEAUX
LAY-SAINT-REMY
COGNERS
GENOUILLAC
CASTELNAU-LE-LEZ
ANVEVILLE
EPS
VERSAILLEUX
BERGERES
RAMECOURT
CONTIGNY
LUTZELBOURG
FOUGARON
MOUTIERS-SAINT-JEAN
MAZIERES-DE-TOURAINE
GERMOLLES-SUR-GROSNE
SUNDHOFFEN
VIDOUVILLE
VILLENEUVE-DE-LA-RAHO
SAINT-BONNET-LE-CHASTEL
SURAT
FEILLENS
BIVILLE-LA-RIVIERE
SAINT-PABU
SENDETS
CHALONS-EN-CHAMPAGNE
SAINT-PIERRE-DU-JONQUET
CONDEISSIAT
MONTBERAUD
###
C
PONSAMPERE
FALLERANS
GRAMMONT
GRAND-FOUGERAY
TRAMECOURT
SAINT-JEAN-DE-THURIGNEUX
MONTREUIL-POULAY
MOUXY
DARVOY
SAINT-AIL
BROUSSEY-EN-BLOIS
MENIL-FROGER
ROISEL
MENIL-GONDOUIN
ILHAT
CARBET
SAINT-ETIENNE-DU-BOIS
BETHON
BEAULIEU-LES-LOCHES
BEGARD
ACHY
COULOMMES
LAGARDERE
LAPARADE
TRAYES
PELUSSIN
BEAUMONT-EN-CAMBRESIS
JUVIGNY-SOUS-ANDAINE
GOURGUE
HESBECOURT
BIANS-LES-USIERS
DENEZE-SOUS-DOUE
MONCLAR
SERANVILLE
BROGLIE
###
C
MARGUESTAU
AUXON
MONTCLAR-SUR-GERVANNE
LATHUS-SAINT-REMY
FRUNCE
FAGET-ABBATIAL
SAINT-REMY-DE-MAURIENNE
HERBELLES
FALLERON
GOMIECOURT
JUSIX
FOURNET-BLANCHEROCHE
VILLECERF
RANCON
LAISSAUD
LEALVILLERS
BEARD
CHERRE
UTTENHOFFEN
DUN-SUR-MEUSE
REUIL-EN-BRIE
GOURGEON
CRUZY-LE-CHATEL
BUETHWILLER
RENUNG
TREMEHEUC
BEZOUCE
SAINTE-OLIVE
COSLEDAA-LUBE-BOAST
CERENCES
GONDECOURT
VILLEGONGIS
###
C
TAVACO
ORTONCOURT
ROQUEBRUN
JARNAC-CHAMPAGNE
VILLONCOURT
CHAMPOLEON
NORON-LA-POTERIE
PENNAUTIER
FUSTIGNAC
SAULMORY-ET-VILLEFRANCHE
MAGSTATT-LE-HAUT
LILLEMER
ABILLY
BLANCEY
BOURGEAUVILLE
YVRENCH
CESSEY
VAUX
VAUDRY
PUNEROT
JEUGNY
GUIZANCOURT
COURTES
SAINT-PIERRE-DELS-FORCATS
THOREE-LES-PINS
WILWISHEIM
CORDES-SUR-CIEL
ESPLAS-DE-SEROU
VIOLAINES
SAINT-BOES
FOIX
###
C
SENTOUS
ETEIGNIERES
NIEDERROEDERN
CLASVILLE
SAINT-SORLIN-EN-VALLOIRE
LARNAUD
TENDE
NILVANGE
FREMENIL
TROIS-PALIS
PRADS-HAUTE-BLEONE
TACOIGNIERES
SAINT-VALLERIN
BAILLESTAVY
RAMONVILLE-SAINT-AGNE
SAUVETERRE-DE-ROUERGUE
OYEU
SAINT-JULIEN-LES-GORZE
LUZERET
COHENNOZ
BOISSAY
CHANCEY
MORVILLE-LES-VIC
TRENTELS
NEUFFONTAINES
ALTIANI
BARTRES
CORFELIX
###
C
SAINT-FUSCIEN
NYONS
GIVRAINES
SAINT-ORENS-POUY-PETIT
BAX
SONDERSDORF
NAMPS-MAISNIL
VOISSANT
SAINT-AUBIN-LE-DEPEINT
CREUTZWALD
OBERNAI
MONT-D'ASTARAC
LOULANS-VERCHAMP
PREMEYZEL
PROPIAC
GIVRAND
ESCARO
TRAVECY
LIRAC
ANTRAIGUES-SUR-VOLANE
SAINT-JEAN-DES-BAISANTS
ANDEL
BLAGNY-SUR-VINGEANNE
ENVEITG
COUPRU
EYSUS
GOUX-SOUS-LANDET
###
C
LOC-EGUINER-SAINT-THEGONNEC
BOURG-LASTIC
CARPIQUET
MARSAC-SUR-L'ISLE
LAROIN
SAINT-MICHEL-DE-BANNIERES
MAAST-ET-VIOLAINE
CERNON
NOTRE-DAME-DE-BLIQUETUIT
SAINT-DIDIER-SOUS-AUBENAS
TREMARGAT
L'ISLE-DE-NOE
VILLARS-EN-AZOIS
TREILLES
RIAUCOURT
SENAILLY
PRECY-SOUS-THIL
SAINT-BAZILE-DE-LA-ROCHE
PLEUVEN
HAUCONCOURT
FIERVILLE-BRAY
BRUYERES-LE-CHATEL
MANCIEULLES
MONTMOROT
MARCILLY-SUR-EURE
COSSE-LE-VIVIEN
###
B
MUEL
SAINT-LAURENT-DE-CONDEL
SAINT-REMY-SOUS-BARBUISE
SAINT-BERTRAND-DE-COMMINGES
SAINT-PLANCARD
BASSOLES-AULERS
SAINT-URCISSE
DEVISE
ALVIMARE
FEUGAROLLES
SAINT-FORGET
RIXHEIM
MAYSEL
BOSSUS-LES-RUMIGNY
CHAINTRE
###
B
THIERGEVILLE
SAINT-LUBIN-EN-VERGONNOIS
SAINT-CLAIR-DU-RHONE
BOURNEZEAU
VEDENE
RIVIERE-SUR-TARN
RICOURT
VILLERS-SAINT-BARTHELEMY
NUITS
DAMPIERRE-LES-BOIS
VILLEPARISIS
VELLEROT-LES-BELVOIR
###
B
MONLET
CASTELRENG
HERMELINGHEN
GAS
SAINT-JULIEN-DU-TOURNEL
CHASTREIX
PRE-SAINT-MARTIN
COUFFOULENS
NOUVION-LE-VINEUX
LANDEHEN
SORCY-SAINT-MARTIN
VILLERS-AUX-VENTS
ROCHETAILLEE
###
B
MISSEGRE
ENGLEFONTAINE
THONES
CAUPENNE
AMOU
SANT'ANDREA-D'ORCINO
ALTHEN-DES-PALUDS
BASTENNES
CROSSAC
PLANRUPT
SAINT-LOUP-GEANGES
LOUTEHEL
SAINT-MARTIN-DU-CLOCHER
###
B
CORNILLON
ROUVRAY
PAILLET
AUTREVILLE-SUR-LA-RENNE
AMBERRE
HABAS
TRAVERSERES
ALEX
TRITH-SAINT-LEGER
LIMEUIL
MARTRAGNY
PULNOY
POUPRY
###
B
ARCIS-LE-PONSART
ARZANO
GOLANCOURT
NADAILLAC
YTRAC
FONTAINE-LES-CROISILLES
MARAYE-EN-OTHE
BAGNOLET
BEZ-ET-ESPARON
CEYZERIEU
SAINT-GEORGES-LAGRICOL
ECRETTEVILLE-LES-BAONS
BOURG-BLANC
###
B
PLOUISY
CHAUDEFONTAINE
VIMORY
THONAC
MENSKIRCH
MONTAGNY-LES-BEAUNE
BASSEUX
ONCOURT
CAMPAGNA-DE-SAULT
BIHUCOURT
HUSSEREN-WESSERLING
MAISNIL-LES-RUITZ
###
B
ESPALAIS
AUBERCOURT
SAINT-EXUPERY-LES-ROCHES
MELLES
MARSANGY
LIMERSHEIM
PRALONG
BELLENOD-SUR-SEINE
###
B
UNIENVILLE
BEAUMONT-LA-RONCE
ESSIGNY-LE-PETIT
DEMANGEVELLE
EGUZON-CHANTOME
AVEZAC-PRAT-LAHITTE
BRIOT
SAI
TRILLA
SANSAC-DE-MARMIESSE
###
B
ORLIAC-DE-BAR
GIVRAUVAL
POIX
BREVILLE-SUR-MER
RAIZEUX
SENAS
SERPAIZE
CREPEY
CAGNOTTE
###
B
SAINT-DIDIER-EN-DONJON
NANTEUIL
BELVEDERE-CAMPOMORO
L'ILE-D'YEU
CUIRY-LES-IVIERS
BOIS-D'ENNEBOURG
POGGIO-MEZZANA
ANJOUIN
PICQUIGNY
ARC-LES-GRAY
MORTEMART
AVIGNON-LES-SAINT-CLAUDE
###
B
BOVES
LAUREDE
###
B
MESNIL-SAINT-PERE
CRE
LACHAPELLE-AUX-POTS
CAMOUS
COURCELLES-LES-LENS
COISIA
###
B
PETITMONT
NANCRAY-SUR-RIMARDE
MIETESHEIM
CHEMIN
MONTBOUDIF
ORIGNE
LANDRES-ET-SAINT-GEORGES
TREFCON
###
B
SAMOUSSY
MITTOIS
MENIL-DE-SENONES
PERRIERS-EN-BEAUFICEL
PRUNAY
###
B
QUINS
ANDREZE
VINON
SAINT-FLORENT
KUTZENHAUSEN
SAMPIGNY
SAINT-CLOUD-EN-DUNOIS
MALABAT
###
B
POILHES
BERNADETS
PASSONFONTAINE
KERMARIA-SULARD
QUAROUBLE
VELIEUX
LASCAUX
GUEMENE-PENFAO
VENGEONS
SAUGUES
LANGOAT
###
B
SAINT-VIT
CHAMPGENETEUX
SAINT-BENOIT-LA-CHIPOTTE
HERICOURT-SUR-THERAIN
HOSTUN
AYSSENES
SAINT-GEORGES-BUTTAVENT
SAINT-THOMAS-DE-CONAC
GUIDEL
BOUILLANCOURT-EN-SERY
###
B
SAINT-MACLOU-DE-FOLLEVILLE
PLEMET
CANTIN
GROIX
FOUQUENIES
MATHONS
COUTICHES
PONTHOUX
SAINT-SEURIN-SUR-L'ISLE
RIVIERE-LES-FOSSES
COMBREE
LABRIHE
###
B
LACOLLONGE
JONGIEUX
LAVIGNAC
MARVELISE
NORMIER
DOMPIERRE-SUR-VEYLE
ESPERCE
SAINT-FERREOL-DES-COTES
SALECHAN
ANSACQ
WISMES
###
B
TRUTTEMER-LE-PETIT
COLOMBEY-LES-BELLES
SAINT-CRESPIN-SUR-MOINE
LAVANCIA-EPERCY
SAINT-DENIS-D'AUTHOU
RODOME
NOUAINVILLE
COUBLEVIE
MONTOIRE-SUR-LE-LOIR
ROYNAC
CHATEAUROUX
###
B
NANT
AMANGE
TROGUES
OIGNY
VONCOURT
SORGUES
FAMECK
LANOUX
###
B
SAINT-FIEL
LABRUYERE
SAINT-LOUP-TERRIER
GARREY
ORBIGNY
LACAUSSADE
CHARENCY-VEZIN
SEYSSINS
BELMONT-SUR-RANCE
DINEAULT
SERRIERES
###
B
ETINEHEM
SAINT-CYR-LE-CHATOUX
MUROLS
MERTEN
SAINT-VICTURNIEN
RAHON
RAMOUZENS
MEURIVAL
CASTILLON
CHAMBLANC
CORBEILLES
###
B
MYANS
ORIGNAC
MONTGISCARD
BAINVILLE-AUX-MIROIRS
THELIGNY
BROCOURT-EN-ARGONNE
NEUFCHATEL-SUR-AISNE
JUMEAUX
BOURG-LE-ROI
VILLAR-EN-VAL
###
B
SOULIERES
PEYRUIS
GHISONACCIA
GROSLEY-SUR-RISLE
YUTZ
SAINT-MICHEL-DE-CHAILLOL
BENTAYOU-SEREE
ANDELAIN
NEUVY-SAINT-SEPULCHRE
###
A
CROTTET
PADIRAC
SAINT-MARTIN-AUX-CHAMPS
PEYPIN
PETRETO-BICCHISANO
###
A
SAINT-VICTOR-DE-MORESTEL
###
A
SAINT-GEORGES-SUR-CHER
PUYMERAS
###
A
CACHAN
###
A
ALLOUE
COISY
SAINT-BONNET-EN-BRESSE
NIEURLET
###
A
SOLIGNY-LA-TRAPPE
###
A
FONTENOUILLES
THEUVILLE-AUX-MAILLOTS
GRENAY
MAROLLETTE
NOVILLARD
MIGNIERES
SAINTE-MARIE-DE-CUINES
###
A
MAGNAN
SALEILLES
HOUILLES
###
A
BANGOR
PAMANDZI
SANZEY
BOURG-BEAUDOUIN
AUSSONNE
PETIT-LANDAU
LEIMBACH
###
A
CREMPS
LEVAL
###
A
SAINT-ELIX
LOZE
###
A
EOUX
GODONCOURT
MONETIER-ALLEMONT
MALLEMORT
BOUILLANCOURT-LA-BATAILLE
###
A
LAGUIAN-MAZOUS
MONTAIGU-LES-BOIS
SAINT-LEGER-DE-MONTBRILLAIS
SOLIGNAC
ARLEUF
CHANTEAU
CHATEAU-DES-PRES
###
A
SAINT-MAURICE-DES-CHAMPS
AMBRICOURT
SAUVIAT-SUR-VIGE
TERRE-DE-BAS
BOURIGEOLE
SAUVETERRE-SAINT-DENIS
GREZILLAC
###
A
VITRY-EN-PERTHOIS
COMBREUX
LACHAMP-RAPHAEL
BLAUSASC
###
A
SAINT-ANGEAU
ISSERPENT
CHATILLON-SUR-OISE
GATUZIERES
###
A
BRENGUES
NULLEMONT
VAUDRICOURT
VEZAPONIN
CLERAC
###
A
SAINT-CIRICE
SILVARECCIO
QUITTEBEUF
FRESNOY-LES-ROYE
###
A
VAL-MARAVEL
CHOUILLY
SAINT-GERMAIN-D'ELLE
LESCURRY
VEUIL
###
A
DOMMARIEN
MARS
HEINING-LES-BOUZONVILLE
MESNIL-LETTRE
VOULON
VASSIEUX-EN-VERCORS
###
A
FRONTONAS
DAVAYE
###
A
SAULNIERES
###
A
PUY-SAINT-EUSEBE
SAINT-VINCENT-BRAGNY
MARNEZIA
ABZAC
MORETTE
###
A
SAINT-JULIEN-DU-PINET
###
A
LEVET
GUERARD
THERINES
###
A
TERMIGNON
###
A
SAINT-GERMAIN-EN-COGLES
CHADELEUF
###
A
QUELAINES-SAINT-GAULT
SOUBREBOST
###
A
MONTAUBAN-DE-BRETAGNE
SAUSHEIM
PAULIN
SACONIN-ET-BREUIL
###
A
DROUE
EVRY
MULSANNE
###
A
EPERVANS
KOLBSHEIM
VESLUD
LANGRES
###
A
NEUVILLE-SUR-ORNAIN
AMAZY
###
A
MAZET-SAINT-VOY
###
A
SAINT-LEGER-SUR-BRESLE
FRICAMPS
###
A
BRIENNE-LA-VIEILLE
STEENVOORDE
FREVILLE-DU-GATINAIS
###
A
CIVRY-LA-FORET
FORT-DU-PLASNE
HENU
MOURENS
###
A
MARCY-L'ETOILE
CURTIL-SOUS-BURNAND
SAINT-GERMAIN-DE-FRESNEY
FOUQUIERES-LES-BETHUNE
###
A
DANCEVOIR
MAISON-DES-CHAMPS
VIEIL-MOUTIER
###
A
HAIGNEVILLE
MARTIGUES
SARDENT
###
A
VERNANTOIS
BELMONT-SAINTE-FOI
LORENTZEN
TREBONS-DE-LUCHON
###
A
SAINT-AGNAN-SUR-ERRE
VILLERS-SAINT-SEPULCRE
###
A
PLOUMILLIAU
PARVILLERS-LE-QUESNOY
BEUZEVILLETTE
BRUGNAC
PRESSIGNAC-VICQ
###
A
PRADINAS
SAINT-JULIEN-BOUTIERES
NEUILLE-LE-LIERRE
SAINT-LAURENT-SOUS-COIRON
SAINT-LEONARD-EN-BEAUCE
###
A
LOMNE
BALAIVES-ET-BUTZ
THOUARS-SUR-GARONNE
CRASTATT
MOULHARD
VEYRINES-DE-DOMME
###
A
MINORVILLE
###
A
MOUVAUX
ECHEVIS
MONTAUT
VILLEBERNIER
###
A
NEGREPELISSE
SAINT-GERMAIN-DE-CLAIREFEUILLE
OREILLA
OLMET-ET-VILLECUN
###
A
ARLEUX
MOLTIFAO
VAUX-ROUILLAC
LAUNSTROFF
###
A
FLAYAT
BERRE-LES-ALPES
LIMOGES
###
A
FERVACHES
ARCIZANS-DESSUS
VEZET
LAZ
###
A
MALBUISSON
TEYSSIERES
SAINT-PIERRE-DE-SEMILLY
###
A
GRINCOURT-LES-PAS
CANVILLE-LES-DEUX-EGLISES
GUENVILLER
CROIX-CHAPEAU
JONZAC
###
A
CIDEVILLE
SAINT-JOUAN-DES-GUERETS
AUBIGNOSC
###
A
BERCHERES-SUR-VESGRE
VERCEL-VILLEDIEU-LE-CAMP
###
A
SAINT-GEORGES-DU-ROSAY
FAILLY
###
A
CHARMOILLE
FRESNOY-LA-RIVIERE
NEUVELLE-LES-VOISEY
###
A
FOURMETOT
###
A
BOISSET-ET-GAUJAC
RIVENTOSA
GEUDERTHEIM
###
A
OGEU-LES-BAINS
CHAIGNES
HUGIER
###
A
CONAND
SAINT-LAURENT-EN-CAUX
RAYNANS
FRESNES-SUR-APANCE
###
A
SOULAGES
MAULE
ASSENCIERES
SAINT-ETIENNE-DE-CROSSEY
###
A
YVETOT
MEYTHET
SAULXURES-LES-VANNES
###
A
SERGENAUX
BOSC-ROGER-SUR-BUCHY
###
A
L'AUBEPIN
PONTAILLER-SUR-SAONE
LIMEYRAT
KLANG
LAROQUE-DE-FA
###
A
SERY-MAGNEVAL
CHARLAS
###
A
VERNIX
SAINT-JUST-ET-VACQUIERES
VIOLS-LE-FORT
BRAYE-SUR-MAULNE
###
A
SENS-SUR-SEILLE
HARQUENCY
VARENNES-LES-MACON
###
A
GOUY-EN-TERNOIS
BASSANNE
###
A
BRUMETZ
LAVEYSSIERE
SAINT-PRIEST-LA-PRUGNE
CHAROLLES
###
A
SAINT-ANTONIN-DE-SOMMAIRE
CASTERA-LOUBIX
SAINT-MARCEL-LES-ANNONAY
###
A
EPISY
CHAUX
MAYREGNE
FLOGNY-LA-CHAPELLE
###
A
HENDAYE
FOSSE
###
A
BENESVILLE
MACOT-LA-PLAGNE
###
A
CALVIGNAC
GLEIZE
SORBETS
PICHANGES
###
A
SAINT-TRICAT
BOLAZEC
###
A
SAINTE-BEUVE-EN-RIVIERE
###
A
ANDELAT
REZONVILLE
LUXE-SUMBERRAUTE
###
A
DECAZEVILLE
BELLEROCHE
WIMILLE
POISSON
###
A
PIMBO
###
A
VERZEILLE
PERPIGNAN
TAGLIO-ISOLACCIO
###
A
ANNESSE-ET-BEAULIEU
PEBRAC
VER-SUR-LAUNETTE
BAUVIN
###
A
MONTREUIL-SUR-THONNANCE
MENDIONDE
CRESTET
DIZY-LE-GROS
###
A
MERCOEUR
CHILLY-MAZARIN
SAINT-MARTIN-DE-CRAU
SAINT-JEAN-DE-DAYE
###
A
CHENOMMET
GOURCHELLES
STRAZEELE
###
A
BARD-LES-PESMES
###
A
TOUCHAY
BALAN
REMALARD
###
A
FONSOMME
NEUILLY
###
A
BRAZEY-EN-MORVAN
###
A
ABONCOURT
LIGNY-THILLOY
BEON
###
A
CAUDEBEC-LES-ELBEUF
###
A
ASQUE
ESTIRAC
QUEMENEVEN
###
A
AMBRUGEAT
FRESNAY-LE-COMTE
GRESY-SUR-AIX
###
A
SAON
LIETTRES
###
A
COURCELLES
###
A
POUILLE
GALLUIS
###
A
VILLENEUVE-SOUS-DAMMARTIN
MAILLY-LE-CAMP
COULOUNIEIX-CHAMIERS
###
A
VEZILLON
