###
C
BRUCAMPS
CHAVANGES
GIGOUZAC
ROESCHWOOG
SAINTE-COLOMBE-SUR-LOING
JOCH
ROSPIGLIANI
CHASSIGNY
TROYES
SAINT-ETIENNE-L'ALLIER
CHAVOY
BAZIEN
TOURCOING
REAU
###
B
CAMPS-SUR-L'ISLE
###
B
CANEJAN
AUGERES
###
A
SAINT-DENIS-DE-VILLENETTE
###
A
VAULNAVEYS-LE-HAUT
