###
C
CHERVEY
BREUX-JOUY
PARGNY-LES-BOIS
DARMANNES
ORIS-EN-RATTIER
PERIGNY
LIGNY-LES-AIRE
AMIGNY
NENIGAN
MAYRES
DIFFEMBACH-LES-HELLIMER
BAIN-DE-BRETAGNE
SAINT-LAURENT-DE-LA-PREE
AUTRY-LE-CHATEL
MENDE
TOURRETTE-LEVENS
OBERMODERN-ZUTZENDORF
VIRARGUES
CHAMPVALLON
MARSA
PARDIES-PIETAT
GRUISSAN
BAZOCHES-SUR-HOENE
BETTONCOURT
THOUROTTE
SAINT-SARDOS
GRAND-CAMP
BAUDRIERES
COURCY
DEVEZE
CHUSCLAN
PUY-GUILLAUME
BOUZONVILLE-AUX-BOIS
ESCOIRE
ACCOUS
BELVEZE-DU-RAZES
BOURROU
OULCHES
SAINTE-AGNES
DOMMARTIN-LE-SAINT-PERE
LAGNICOURT-MARCEL
SAINT-LEON
CUVILLERS
DENAIN
BOUST
BELMONT
FUSSEY
RABOU
SAINT-MARTIN-SUR-ECAILLON
PORTE-PUYMORENS
BASSILLON-VAUZE
GALLUIS
GRAND-AUVERNE
ETZLING
EGLETONS
BROUT-VERNET
AUXERRE
FRENICHES
CROTTES-EN-PITHIVERAIS
SAINT-HILAIRE-FONTAINE
LECHATELET
AIGLEVILLE
LOUBIENG
HELFRANTZKIRCH
CROIX-EN-TERNOIS
ERNEMONT-LA-VILLETTE
PUYMERAS
TAILLECAVAT
ALATA
MENEVILLERS
CRANVES-SALES
SAINT-HILAIRE-DE-LAVIT
MONTJOYER
GURGY-LA-VILLE
###
C
PLOUVORN
FONTETTE
CHATELLERAULT
OTTERSTHAL
SAINT-SYLVAIN
FLEURIEUX-SUR-L'ARBRESLE
RENNEPONT
DOUVRES-LA-DELIVRANDE
CHAPDES-BEAUFORT
LANOUEE
VITRAC
QUILEN
COURTOIN
TALLUD-SAINTE-GEMME
QUINCY-VOISINS
TREMENTINES
BOURBACH-LE-BAS
MEZERES
CERNEUX
BEHASQUE-LAPISTE
BERGERES-SOUS-MONTMIRAIL
LADIGNAC-SUR-RONDELLES
MALAY
VALENCE
ESTISSAC
SAINT-AMANS-VALTORET
SONCOURT-SUR-MARNE
MONT-DORE
CHAUX-CHAMPAGNY
PUJAUT
CRAMANS
QUIMPER
PEYRIERE
ESLOURENTIES-DABAN
VILLEMUR-SUR-TARN
MAIRIEUX
HARDINVAST
NOISEAU
BEUGNIES
DANZE
PLEVIN
BRESNAY
PEYMEINADE
PRAUTHOY
CHACE
###
C
CAUSSE-ET-DIEGE
GOURNAY-SUR-ARONDE
BOURG-ET-COMIN
LOUVILLIERS-LES-PERCHE
BAERENDORF
SAINT-MARTIN-DE-CARALP
SAINT-GERAUD
SUZE
SAINT-GENCE
VAYRES
MONTHOIS
CADILLON
CREPY
AUBIET
PARROY
NEVILLE-SUR-MER
CHAPPES
LISSAY-LOCHY
MEILLON
VEZINS
FRAISSE
MEES
ESSIGNY-LE-PETIT
GREEZ-SUR-ROC
SAINT-FERRIOL
GAJAN
POGGIOLO
BRAGEAC
NAVEIL
PARFOURU-SUR-ODON
ETOUVY
IRAI
AUTRY-ISSARDS
SAINTE-CROIX-DE-MAREUIL
MAUZAC
ERMENONVILLE-LA-PETITE
PLANAY
GUERLESQUIN
PAULHIAC
SAINT-CASSIEN
SORNAY
BILLANCELLES
LAVATOGGIO
BOMBON
BRECY
COULONGE
FORBACH
SAINTE-ANNE
COLLANDRES-QUINCARNON
BENNWIHR
NOTRE-DAME-DU-ROCHER
WINTZENHEIM
BRECY-BRIERES
MONTREGARD
###
C
BRUNVILLE
SAINT-ROMAIN-SUR-CHER
ROUFFIAC
AUTHEZAT
SAINT-MARCELIN-DE-CRAY
LAGARRIGUE
BOISSY-LA-RIVIERE
FONTAINE-LES-CLERCS
CORNILLAC
VILLERS-SUR-NIED
CHALINARGUES
BOUY-SUR-ORVIN
SAINT-LO-D'OURVILLE
HEUDICOURT
SILLY-TILLARD
TREGOUREZ
ENGLEFONTAINE
DAMMARIE-SUR-SAULX
SAINT-BRICE
ISSY-L'EVEQUE
JANDUN
HAUTEFOND
VILLAINES-SOUS-LUCE
ARSY
MEURSANGES
SAINT-MAURICE-DE-LIGNON
VELLEROT-LES-VERCEL
ZOUAFQUES
NOVALAISE
VALMIGERE
USINENS
BEAUNE-D'ALLIER
BELLECOMBE
MONTMIRAIL
MARTAINVILLE
VADANS
GODENVILLERS
COUSSEY
TILLOY-LES-HERMAVILLE
LAVANS-QUINGEY
MESSEI
MAULICHERES
SAINT-MAUR-DES-BOIS
SAINT-VICTOR-MONTVIANEIX
MARSAL
SAINT-DENIS-SUR-SARTHON
MEZIERES-SUR-PONTHOUIN
LOREUX
SUGERES
PEYRUSSE
MADEGNEY
PUISIEUX
###
B
VERN-SUR-SEICHE
CROCE
BROSSES
GIBLES
BELBERAUD
ANZAT-LE-LUGUET
CULETRE
DERBAMONT
CHOISY
ALLONZIER-LA-CAILLE
VOGLANS
###
B
TOTAINVILLE
FRAIS
QUEIGE
SEVIS
VANCAIS
CHATEAU-ROUGE
XIVRY-CIRCOURT
REVIERS
LISSEUIL
BERCHE
###
B
NERY
LAVANS-SUR-VALOUSE
MUSCULDY
BLANZAY-SUR-BOUTONNE
MOUEN
ROSNY-SOUS-BOIS
AUBREVILLE
GARIGNY
TEIGNY
LOUBARESSE
GUEURES
###
B
BACQUEVILLE-EN-CAUX
SOUGE
POLLIONNAY
SAINT-DOMINEUC
VILLENEUVE-LA-COMPTAL
GAZOST
GENCAY
PECH
JOUHE
SAINT-OUEN-EN-CHAMPAGNE
###
B
FLORENTIN-LA-CAPELLE
ETREHAM
ROCHEJEAN
CHAMPFLEURY
OETING
ANTONAVES
AUFFAY
TERJAT
ROPPENHEIM
###
B
MONTCEAUX-LES-PROVINS
BROINDON
SAINT-LAURENT-LA-VERNEDE
JONVILLE-EN-WOEVRE
VITRY-EN-ARTOIS
LANGOAT
SOULTZ-HAUT-RHIN
WIRY-AU-MONT
###
B
SAINTE-AURENCE-CAZAUX
SAINT-ANDRE-SUR-ORNE
SAINT-VICTOR-DE-RENO
BATHELEMONT
METHAMIS
RI
SAINT-PIERRE-DES-CHAMPS
CAMPANDRE-VALCONGRAIN
CAOUENNEC-LANVEZEAC
REIGNAC
###
B
RAIDS
BUISSON
ESCHWILLER
SAVIGNY-SUR-BRAYE
SAINT-MARTIN-SUR-LAVEZON
BLENEAU
CASTELNAU-MONTRATIER
MARSEILLE-EN-BEAUVAISIS
OCANA
RIEDSELTZ
CAMARET-SUR-AIGUES
SAINT-AUBERT
WATRONVILLE
###
B
OSSE
NANTEUIL
NEUNKIRCHEN-LES-BOUZONVILLE
RANSPACH-LE-BAS
THIEULLOY-LA-VILLE
SAINT-OUEN-LA-ROUERIE
BEIRE-LE-CHATEL
SAUCATS
SANA
###
B
SOUEIX-ROGALLE
RODALBE
RIEUX-VOLVESTRE
CHAZEUIL
NEUILLY-LE-VENDIN
SAINT-FELIX-DE-L'HERAS
BELLEGARDE-SUR-VALSERINE
MONTAUT
SAINT-FERGEUX
SAINT-AUBIN-DE-BRANNE
CANALS
###
B
PERET-BEL-AIR
SAINT-ANDRE-DE-ROQUELONGUE
CELLES-SUR-AISNE
DOLUS-D'OLERON
COULOUME-MONDEBAT
SAINVILLE
TSINGONI
BAGAS
FOULANGUES
FOISSY-SUR-VANNE
SAULLES
###
B
SAINT-AUBIN-FOSSE-LOUVAIN
FREDILLE
SAINTE-CECILE
BONREPOS-SUR-AUSSONNELLE
HUMIERES
BELLEGARDE-EN-MARCHE
SAUMANE
MACHECOURT
MIRANNES
VALLOIRE
SAINT-CAPRAIS-DE-LERM
REININGUE
###
B
SAINT-ANTOINE
BALGAU
EYWILLER
LOUVENNE
PIERRECOURT
HAM-SOUS-VARSBERG
PARPECAY
DREFFEAC
CHATILLON-SUR-CHALARONNE
###
B
SAINT-NICOLAS-DE-LA-TAILLE
CLAIRVAUX-D'AVEYRON
THIANCOURT
TRACY-SUR-MER
SAINT-GERMAIN-D'ECTOT
COSNES-ET-ROMAIN
MEZILLES
GRIVESNES
JUVIGNY-SUR-ORNE
LAGNY-SUR-MARNE
BUSSIERE-BOFFY
###
B
MONDIGNY
WOIPPY
SAINT-PERE
BURLATS
###
B
SAINT-PE-DE-BIGORRE
COUCY-LES-EPPES
MAISONCELLES-PELVEY
CERCOUX
SAINT-ROMAIN-SUR-GIRONDE
BARENTON-CEL
NOYANT-LA-PLAINE
MEURES
AUXELLES-HAUT
###
B
HUEZ
MOUSSY
HAUDRECY
SAINT-QUENTIN-SUR-NOHAIN
CHAMPCERVON
TREDION
AMBERNAC
ASSENAY
NOVEANT-SUR-MOSELLE
BEAUMONT-MONTEUX
LAAS
ARNAGE
ALLY
###
B
LEBUCQUIERE
VILLENEUVE-LES-CHARNOD
SAINT-QUENTIN-LES-MARAIS
VELVING
BESSE-SUR-BRAYE
MONTIRAT
###
B
GOUTTIERES
SAINT-ULPHACE
MONTGRADAIL
SALINS
BESSEY-LA-COUR
ORBIGNY-AU-MONT
MORLHON-LE-HAUT
ELESMES
DOMPIERRE-SUR-VEYLE
CHALAIN-LE-COMTAL
BAVILLIERS
LORRIS
###
B
BENESSE-LES-DAX
SAINT-GEORGES-SUR-ALLIER
THUGNY-TRUGNY
ULLY-SAINT-GEORGES
BESNANS
PONT-NOYELLES
###
B
CHAMBON
SAINT-NICODEME
PRADES-D'AUBRAC
MENERBES
TERNUAY-MELAY-ET-SAINT-HILAIRE
LENHARREE
ESQUIBIEN
VOUHE
LIANCOURT-SAINT-PIERRE
SOUBREBOST
BERTRICOURT
###
B
PRAYE
CILLY
BANDRABOUA
###
B
BORDERES-SUR-L'ECHEZ
MONT-SAINT-JEAN
###
B
MAGNY
ROUFFANGE
BEAUTIRAN
CAMBRAI
JUILLAGUET
SAINT-ETIENNE-DE-CHIGNY
CLELLES
###
B
AUTHON-EBEON
AMBRUS
###
B
LAMBREY
HOUDILCOURT
AUTRUCHE
WEGSCHEID
GERY
BOURNEL
ESCARO
CHATEAUDOUBLE
BODILIS
ECHAVANNE
VENTENAC-EN-MINERVOIS
###
B
FLEVILLE-LIXIERES
###
B
RANCHY
MORNE-ROUGE
HALLERING
AUPPEGARD
ABITAIN
HABAS
SAINT-MARTIN-LONGUEAU
LEZ-FONTAINE
###
B
VIGNY
MASCARVILLE
SAINT-JOSEPH
JARD-SUR-MER
GAILLAN-EN-MEDOC
BUSSIERES
AIGREMONT
TIRANGES
BUETHWILLER
SAINT-SORNIN-LA-MARCHE
CREVECOEUR-SUR-L'ESCAUT
SAULES
###
B
ALLEMANS
SAUVETERRE
SAINT-ARNOULT-DES-BOIS
VIDEIX
###
A
MOUZON
SAINT-SYLVESTRE
CHAUVIREY-LE-VIEIL
PREMONTRE
###
A
SAINT-EGREVE
THEZAN-LES-BEZIERS
NEUVILLY
PONTEYRAUD
WAILLY-BEAUCAMP
###
A
PASSAVANT-LA-ROCHERE
MARIGNY-MARMANDE
PLAINE-DE-WALSCH
GUEMAR
POUYDESSEAUX
###
A
CAMIAC-ET-SAINT-DENIS
WASIGNY
HAN-SUR-MEUSE
MANDRES-LES-ROSES
ECOMMOY
OMBLEZE
###
A
NEUVILLE-LES-DAMES
CHENAY
MONGAUSY
DOMPCEVRIN
BELCASTEL-ET-BUC
###
A
HOCHSTATT
CARLUX
SERVAS
###
A
SOULTZ-SOUS-FORETS
GIEZ
GENAY
LEZIGNEUX
AUZELLES
###
A
BONAS
LOCQUIREC
TEILLAY
CONDE-SUR-MARNE
SAUVE
###
A
SAINTE-ALAUZIE
GARGENVILLE
VADONVILLE
VILLECERF
MOULLE
###
A
GUEMPS
CHALLAIN-LA-POTHERIE
ENCHASTRAYES
PUYCORNET
ESCOVILLE
SAINT-JEAN-DE-VAUX
###
A
SAINT-AIGNY
AVON
DOMMARTIN-SOUS-AMANCE
SAINT-SANTIN
###
A
FRELAND
POISAT
SURVILLIERS
SAINT-FIRMIN
HUSSEREN-WESSERLING
BRIE-ET-ANGONNES
###
A
BRETTE-LES-PINS
###
A
CLEON
SAINT-MARTIN-DU-TILLEUL
LAMILLARIE
FOURQUES
PLANCY-L'ABBAYE
SOIGNOLLES
###
A
OUZOUER-SUR-TREZEE
DANNEMOIS
VILLENEUVE-LES-BEZIERS
###
A
SAINT-LEGER-LA-MONTAGNE
PARGNY-FILAIN
SAINT-BOIS
###
A
PONTMAIN
NILVANGE
SOMPT
THORAILLES
###
A
GUENIN
COURLANS
COUBEYRAC
SAINT-ILLIERS-LE-BOIS
CUTTING
###
A
SAINT-SAUVEUR
MALBOSC
CARIGNAN-DE-BORDEAUX
LANGEAIS
MEAUCE
WAMBERCOURT
###
A
SAINT-JULIEN-DU-PINET
VITREY-SUR-MANCE
CHAZE-SUR-ARGOS
VENDEUIL-CAPLY
BELLEBRUNE
###
A
CHASSY
CRECEY-SUR-TILLE
COURCHELETTES
GONFARON
BEAUMONT-LES-RANDAN
###
A
BRIE-SOUS-CHALAIS
ARCANGUES
MOUTHIER-EN-BRESSE
CAPDENAC
###
A
SAINTE-SUZANNE
SISSONNE
ANNONAY
VACOGNES-NEUILLY
###
A
LIMONEST
BEAUJEU-SAINT-VALLIER-PIERREJUX-ET-QUITTEUR
VINZELLES
HOUDETOT
MOUSTOIR-AC
###
A
FLASSIGNY
BERLANCOURT
SAINT-PREUIL
###
A
DONNAZAC
CHAMPS-ROMAIN
MOLLKIRCH
ARBUSIGNY
###
A
SAINT-GREGOIRE
PRADELLE
DANESTAL
ELBEUF
###
A
THORIGNE-FOUILLARD
MONGAUZY
SCHAFFHOUSE-PRES-SELTZ
COURTENAY
MONTESQUIEU-VOLVESTRE
ESSEGNEY
###
A
CAGNAC-LES-MINES
DIANE-CAPELLE
SERPAIZE
BASSOUES
SAINT-HILLIERS
CARNIERES
###
A
GORREVOD
FEROLLES-ATTILLY
###
A
NEUVILLE-EN-AVESNOIS
WACQUINGHEN
ROUTIER
SAINT-GEORGES-DU-BOIS
###
A
BOUSSELANGE
ROGUES
###
A
NEGREPELISSE
CHARENTON-DU-CHER
BENTAYOU-SEREE
SAINT-AUBIN-SUR-AIRE
BRIARE
COURCHATON
###
A
CAUMONT
HAUTECOUR
FOUCAUCOURT-HORS-NESLE
BELVAL
COURCELLES-SOUS-MOYENCOURT
SASSEGNIES
###
A
SCIEZ
CAMPOURIEZ
PONTHOUX
TRESSANGE
###
A
SAMEREY
BILLECUL
POUZE
LATTES
VILLERS-SOUS-MONTROND
###
A
MITTERSHEIM
MIGNEVILLE
COINCHES
DAIGNAC
GOEULZIN
PONT-SCORFF
###
A
JUMIGNY
MOUAVILLE
VILLIERS-LE-DUC
FROIDEVILLE
DROUX
###
A
RINGENDORF
SAINT-ETIENNE-DE-BAIGORRY
ROBECOURT
PECQUEUSE
###
A
OULMES
SEGUR-LES-VILLAS
###
A
CONDE-SUR-ITON
SAINT-PIERRE-DE-LA-FAGE
RIVIERES
SAINT-MARTIN-AUX-BOIS
###
A
OLMO
ANCEINS
VAUX-EN-AMIENOIS
###
A
SAINT-PHILIBERT
RULLY
TREGONNEAU
LALANDE-DE-POMEROL
###
A
SALSIGNE
###
A
MAUVEZIN-DE-PRAT
LISIEUX
FLAMARENS
POULIGNY-SAINT-MARTIN
POMMIERS-LA-PLACETTE
###
A
BALLANCOURT-SUR-ESSONNE
EPINEUX-LE-SEGUIN
###
A
TILLOY-LES-MOFFLAINES
BRASSY
MIALET
SAINT-ANDRE-SUR-CAILLY
###
A
FOURNIVAL
PUGEY
BRUNEMONT
###
A
DAMPIERRE-EN-BRESSE
FREIX-ANGLARDS
###
A
BESSONCOURT
VILLERS-SAINT-GENEST
CHEVIGNY
NESLE-L'HOPITAL
###
A
SAINT-JEAN-D'AIGUES-VIVES
RETIERS
SAINT-JUST-SUR-DIVE
BELVEZET
###
A
BOUCHON
OGNOLLES
QUISSAC
SAINT-JULIEN-DE-CASSAGNAS
###
A
VELOGNY
GRAIX
ALBAS
BOULOC
###
A
BAILLY-ROMAINVILLIERS
PENNAUTIER
LASSAY-SUR-CROISNE
SAINT-PEY-DE-CASTETS
SAINT-BENOIT-LA-FORET
AVESNELLES
###
A
DANNEVOUX
BOUSSIERES
MONTS-EN-BESSIN
CERON
SAINT-JORY-LAS-BLOUX
###
A
PUJOLS-SUR-CIRON
BEZENAC
VILLERS-TOURNELLE
EYLIAC
FONTAINE-SOUS-MONTDIDIER
###
A
TOURNAI-SUR-DIVE
CHALAUTRE-LA-GRANDE
###
A
SAINT-JOUIN
BAUDREIX
SAINT-JEAN-D'ESTISSAC
###
A
OGNEVILLE
MONT-DEVANT-SASSEY
###
A
SAINTE-MARIE
