###
C
BRASLOU
HAGETMAU
SEILHAC
ISTRES
BESANCON
ONCY-SUR-ECOLE
FLORENTIN
SAINT-JEAN-DE-NIOST
DOUVILLE-SUR-ANDELLE
NOUHANT
MOIGNY-SUR-ECOLE
PULIGNY-MONTRACHET
BITSCHHOFFEN
COUVAINS
JUJOLS
NEUVIC
CARCHETO-BRUSTICO
BRAN
SAINT-SAUVEUR
VERVINS
MAILLERONCOURT-CHARETTE
HYEMONDANS
CHARANCIEU
PALAZINGES
SAINTE-FOY-TARENTAISE
BAZOUGES-SUR-LE-LOIR
BOULIEU-LES-ANNONAY
NADILLAC
MONTSOULT
CUNFIN
CHANTES
SILLANS-LA-CASCADE
FLAGNAC
VEUILLY-LA-POTERIE
BRUNELLES
SAINTE-HELENE-SUR-ISERE
VALHUON
BIGNAC
SARRY
MAINCY
MARCY
EU
VANVEY
SAINTE-COLOMBE-SUR-GUETTE
COLLERET
SAINT-BONNET-DE-BELLAC
CHAUDEYRAC
MUSSY-SOUS-DUN
NAGES-ET-SOLORGUES
LANDANGE
PRINGY
ROZIERES-SUR-MOUZON
MOTREFF
MALIGNY
BEUVRAIGNES
SAINT-SORNIN-LA-MARCHE
SAINT-OUEN-LE-MAUGER
GERDE
BOULIGNY
PENVENAN
SAINT-BONNET-DE-FOUR
FAYENCE
SALVAGNAC-CAJARC
FAVRESSE
ROSENAU
BERBERUST-LIAS
SAINT-BONNET-EN-BRESSE
TAUSSAC
SAINT-GERMAIN-SUR-SARTHE
SAINT-LARY
CASTEIL
BRIGNANCOURT
SAINT-GERMAIN
CORAY
BENAIX
SAINT-MARTIN-DES-BOIS
AVRAINVILLE
CAMBON-ET-SALVERGUES
PEAS
JUVINCOURT-ET-DAMARY
HALINGHEN
ANGLES
SENERGUES
###
C
BERFAY
MILHARS
BOIS-COLOMBES
MONESTIER
COLIGNY
CIVRIEUX-D'AZERGUES
FIX-SAINT-GENEYS
PEYRAT-LA-NONIERE
VANLAY
SAINT-MARTIN-LA-CAMPAGNE
GERGNY
VALOREILLE
MOUSTAJON
MOLINONS
GARLIN
COUPRAY
SAINT-AUBIN-CHATEAU-NEUF
ANCIENVILLE
CHAILLY-SUR-ARMANCON
MONTMACQ
CROSVILLE-LA-VIEILLE
PRESSAC
SAULCE-SUR-RHONE
SAINT-AIGNAN
CHEIN-DESSUS
MONTCUIT
SAINT-ANDRE-SUR-SEVRE
EPERRAIS
BUTRY-SUR-OISE
RINGELDORF
PLOUIGNEAU
ALLOUAGNE
CERVILLE
GROISES
BOIGNY-SUR-BIONNE
SAULCHERY
BIRIEUX
GAVARRET-SUR-AULOUSTE
MOUILLAC
PIREY
TAIZE
THIZY
BRETIGNY
OUZOUER-LE-DOYEN
TOUJOUSE
PLEURS
BABOEUF
VIGNEMONT
CULMONT
VILLAUDRIC
NUEIL-SUR-LAYON
MONTFARVILLE
LANTABAT
AULNAY-SUR-ITON
LELEX
NEVY-LES-DOLE
TREBEURDEN
COLLONGES-AU-MONT-D'OR
SEILLAC
METTRAY
TANCONVILLE
SALINS-LES-BAINS
COCLOIS
SAINT-MARTIN-RIVIERE
SPELONCATO
SAINT-BEAUZILE
SOS
LANGOIRAN
SEVIGNY-LA-FORET
MANENT-MONTANE
OBERLARG
LAILLY
COIFFY-LE-HAUT
SAINT-NICOLAS-LA-CHAPELLE
###
C
SAINT-JEAN-DE-FOLLEVILLE
POURRAIN
MONTILLOT
BARON
MASLEON
VIEUX-BOUCAU-LES-BAINS
BRILLON-EN-BARROIS
SAINT-AUBIN-LE-CAUF
BOIRY-SAINT-MARTIN
HULTEHOUSE
WALLERS
THIESCOURT
AVESNES-EN-BRAY
JUZIERS
RIBEMONT
HENFLINGEN
MONGAUSY
PICQUIGNY
ARCAY
PAJAY
DIEFFENBACH-AU-VAL
ASNELLES
LANDREVARZEC
MANA
SALON-LA-TOUR
MENETOU-COUTURE
PALLANNE
GUISY
CERIZY
GEE-RIVIERE
GROUGIS
BUST
PIEGROS-LA-CLASTRE
BULLIGNY
IVERNY
SAILLY-AU-BOIS
ORIEUX
ESPALION
WASSERBOURG
BERNOUVILLE
AUBONCOURT-VAUZELLES
LANEUVELLE
###
C
GRANDFONTAINE-SUR-CREUSE
MESNIL-MARTINSART
SAINT-CHRISTOPHE-D'ALLIER
CAVILLARGUES
CONDEON
VENEJAN
SOIZE
CHAMPEAUX-SUR-SARTHE
SOUBRAN
GUNTZVILLER
BOUTX
ABAUCOURT
LESTELLE-BETHARRAM
CASTELRENG
LORGUES
COGOLIN
ARNE
LOGELHEIM
VERNIOLLE
MAXOU
SAINTE-RADEGONDE
###
C
VILLE-SOUS-ANJOU
CHARBONNIERES-LES-VARENNES
COLPO
MAGNAC-LAVAL
VOLVENT
SAINT-ALBAN
LESPIGNAN
QUINCY-LANDZECOURT
PIEGUT
FICHEUX
BARREME
MAGNY-LA-FOSSE
PLANRUPT
CUCHERY
CRUEJOULS
CAMARET-SUR-MER
MOLLANS-SUR-OUVEZE
SAINT-DIDIER
PLICHANCOURT
SANGATTE
FRIESENHEIM
GIONGES
HADANCOURT-LE-HAUT-CLOCHER
VERCHAIN-MAUGRE
ESTAMPES
SAINT-DIZIER
FRAMICOURT
AUTRECHE
SAULGOND
PLELAN-LE-PETIT
NOTRE-DAME-DE-BELLECOMBE
DURDAT-LAREQUILLE
AIBRE
SAINTE-HERMINE
SAINT-NAZAIRE-LES-EYMES
SOYERS
MANTET
COX
ESCALLES
SAINT-MAXIRE
DEVESSET
TREGLONOU
SAINT-AUBIN-DES-ORMEAUX
BELPECH
CASTELNAU-SUR-GUPIE
GRUES
GEORFANS
HEIWILLER
SAINT-LEON
GERAISE
MONT-CAUVAIRE
QUIESTEDE
BILLY-SOUS-MANGIENNES
VILLE-AU-MONTOIS
VALMONT
THEZA
VOUECOURT
BEZINGHEM
LINY-DEVANT-DUN
###
C
SAINT-MICHEL-DE-PLELAN
BARRAUTE-CAMU
BOQUEHO
###
C
LANGUIDIC
POILLY-SUR-THOLON
FRESNES
OELLEVILLE
EYCHEIL
CALENZANA
FONTAINES-SUR-SAONE
LUZERET
LEUHAN
YGOS-SAINT-SATURNIN
RUY
MARQUETTE-EN-OSTREVANT
AUXANGE
VEIX
CHAMBON-LA-FORET
CHENEREILLES
MARGUERON
AJAC
LAGRUERE
GUENANGE
COURNOLS
BARSAC
MIJANES
RAMONVILLE-SAINT-AGNE
VILLENEUVE-DE-MARC
SAINT-VICTOR
VILLAC
MONTSERET
SAINT-CHARLES-LA-FORET
OBERDORF-SPACHBACH
CALVIGNAC
HERICOURT
FAIN-LES-MOUTIERS
PERQUIE
BAGNOLS
SAINT-ETIENNE-DE-VILLEREAL
ALVIGNAC
SAINT-JULIEN-DE-BRIOLA
SOMAIN
MESSINCOURT
BRIARE
SAINT-VINCENT-D'OLARGUES
###
C
BAUGE
BAUVIN
CHASTELLUX-SUR-CURE
FOUQUEURE
SAINT-GERMAIN-DES-PRES
FRAMECOURT
PLOEREN
CORDONNET
AVAILLES-THOUARSAIS
GER
HANCOURT
BOISSEUILH
CHATTE
VRAIVILLE
AUTREY-LES-GRAY
BARD-LE-REGULIER
GREVILLERS
MARIGNE-LAILLE
CRUGEY
VILLERSERINE
CONDRIEU
PRUGNANES
LIESLE
GOMETZ-LA-VILLE
SAINT-MAUR-SUR-LE-LOIR
GUITERA-LES-BAINS
CRESSAT
URTACA
FRANCILLON-SUR-ROUBION
CROISSY-BEAUBOURG
SARRIANS
FARAMANS
JAS
CIVAUX
PERTUIS
SAINT-DENIS-SUR-SARTHON
CAPDENAC
PRENOVEL
SAINTE-MARIE-DE-VAUX
THERVAY
NEUVY-GRANDCHAMP
L'HOPITAL-LE-GRAND
CLARACQ
BATILLY-EN-GATINAIS
SAINT-MEME-LES-CARRIERES
IZE
CURTIL-SOUS-BUFFIERES
###
C
GODONCOURT
ORADOUR-SAINT-GENEST
CAUMONT-SUR-ORNE
REILHAC
LONGAGES
ESSERTS-BLAY
BOURNAND
SAINT-VAAST-LES-MELLO
JARDIN
BLANDAINVILLE
BEAUMETTES
BEAUMONT-LES-VALENCE
BERTHOLENE
VERSAILLEUX
BERNEUIL
MADIRAN
GINESTET
ARNOS
TROCHE
AUZAINVILLIERS
NIEDERHAUSBERGEN
###
C
PUYBRUN
OBERVISSE
MARIMBAULT
ETOILE-SAINT-CYRICE
###
B
CAZENAVE-SERRES-ET-ALLENS
BLANDOUET
SAINT-LAURENT-SUR-MER
PRIGONRIEUX
LYS-SAINT-GEORGES
TREMOINS
LUGAIGNAC
ARROUEDE
SAINT-PIERRE-D'ARTHEGLISE
MEZIERES-SUR-ISSOIRE
FRANCHEVILLE
ESPARRON-DE-VERDON
###
B
SAINT-ANTOINE-LA-FORET
SAINT-GEORGES-DE-ROUELLEY
MALANCOURT
BONVILLET
THIL-MANNEVILLE
GEVREY-CHAMBERTIN
SOULITRE
SAINT-REMY-LA-VARENNE
LIMEYRAT
ECKARTSWILLER
###
B
PIGNY
NOUEILLES
SAULT
PARMAIN
GRENOIS
SAINT-SORLIN-EN-VALLOIRE
SAINT-ROMAIN
FENIOUX
###
B
LETTEGUIVES
ARC-SOUS-MONTENOT
###
B
VAUCLAIX
SAINT-MAURIN
OGNEVILLE
SAINT-PARDOUX-LE-NEUF
SAINTE-CROIX
BREHAL
RAVES
EPINAY-SUR-ORGE
CHEFFES
LION-SUR-MER
CAZAUGITAT
MERCIN-ET-VAUX
SAINT-MAURICE-AUX-FORGES
###
B
CHENEBIER
SAINT-LONGIS
UCHIZY
###
B
NEUBLANS-ABERGEMENT
PLUGUFFAN
MONTFERRAT
SARI-SOLENZARA
VILLEFRANCHE
LIERAMONT
THELUS
VERNON
MUHLBACH-SUR-BRUCHE
LONGAULNAY
SAINT-HILLIERS
MENGLON
NOTRE-DAME-DU-TOUCHET
###
B
SAINT-GANTON
OCCHIATANA
JARS
TREFLEVENEZ
SOLEILHAS
CHAMPIGNY
TENDRON
GLAIRE
###
B
SAINT-PAL-DE-CHALENCON
SAINT-MAIME
SAINT-VIVIEN-DE-MEDOC
LIMENDOUS
FERFAY
ETALANTE
AUSSILLON
HERMEVILLE-EN-WOEVRE
VEILLY
VILLERS-VERMONT
###
B
NEUVILLE-SUR-VANNE
ECLOSE
CREVECOEUR-LE-PETIT
SAINT-VINCENT-DE-BOISSET
OUVILLE-LA-BIEN-TOURNEE
MEZERES
OUROUX
AUBERMESNIL-AUX-ERABLES
CASTET-ARROUY
JEUX-LES-BARD
SAINT-MARTIN-DON
###
B
BOUZIGUES
CHALONVILLARS
CALAN
VERBIESLES
MANDRES-LES-ROSES
OEYREGAVE
VILLY-LE-PELLOUX
SAINT-ANGEL
ROCHE
###
B
VILLARS-SAINT-GEORGES
ALLONS
FARGUES
MONTIGNY-SUR-CRECY
BOUTANCOURT
ALGAJOLA
BADEFOLS-D'ANS
VILLERET
PLERGUER
###
B
VILLARS-LES-DOMBES
XANTON-CHASSENON
AUXON
PRALOGNAN-LA-VANOISE
LIGNAN-SUR-ORB
VINCY-MANOEUVRE
###
B
THESY
GENEY
AUVERS-LE-HAMON
VAUDESINCOURT
NEUVEGLISE
SAINT-AVIT-SAINT-NAZAIRE
BLESLE
COIFFY-LE-BAS
SOULANGES
METZ-LE-COMTE
###
B
MENETREOL-SOUS-SANCERRE
MOMY
MONTIGNY-LES-MONTS
BOURESCHES
FROIDFOND
HEIMSBRUNN
PLUMELIN
CHOMELIX
FOURGES
###
B
SAVIGNAC
AUGUAISE
IHOLDY
LAPLUME
BOISSY-L'AILLERIE
COURCELLES-EN-BARROIS
COMMENSACQ
###
B
MISSEGRE
MAIZERAY
POUFFONDS
PLOUNEVEZEL
SAINT-MARCOUF
DARCEY
SAINT-DIDIER-SOUS-AUBENAS
SAINT-CIRQ
###
B
THOUARE-SUR-LOIRE
CHILLEURS-AUX-BOIS
VILLECELIN
AILHON
MIGRE
MANSENCOME
###
B
MONTHUCHON
APREMONT
###
B
COUSSAC-BONNEVAL
GRUSON
CRAZANNES
SAINT-QUENTIN-EN-MAUGES
FLEURY
SAINT-AUBIN-SUR-MER
SAINT-MARTIN-LE-CHATEL
BORDERES
###
B
CHAUDENAY
BASSILLAC
GOUTS
DAVAYAT
DOMMARTIN
MONTAREN-ET-SAINT-MEDIERS
ORDIZAN
###
B
LOUVIERES
SAVOURNON
CERNAY-LA-VILLE
ARS-EN-RE
###
B
AVOT
###
B
FERRIERES
SAINTRY-SUR-SEINE
MESLAN
SAINT-ANDRE-DE-SEIGNANX
###
B
IGE
SAINT-NICOLAS-DE-LA-HAIE
GRUNY
SAINT-THIBAULT
LUTTERBACH
BETETE
RIEUX
BEYNES
LARBONT
###
B
COUZIERS
PAIMPOL
BONNEUIL-SUR-MARNE
SAINT-CERNIN-DE-LARCHE
SAINT-BROINGT-LE-BOIS
MONTIERAMEY
TERMIGNON
FERRIERES-LES-VERRERIES
###
B
GROFFLIERS
###
B
SAINT-ANDEOL-DE-FOURCHADES
SAINT-DENIS-DE-MERE
COLLEGIEN
SAINT-OUEN-LE-HOUX
SINNAMARY
###
B
COULANGERON
ALLERY
SAINT-JEAN-DU-CORAIL
PORT
SAINT-WAAST
CHANGY
###
B
COUQUEQUES
PETITMONT
BLAMONT
###
B
NIVOLAS-VERMELLE
###
B
MAHALON
SAINT-ANDRE-D'EMBRUN
AUGNE
ESMOULINS
MESNIERES-EN-BRAY
TILLOY-LEZ-MARCHIENNES
CASSEN
PLAIGNE
BRETHENAY
MEREY
###
B
RAVENOVILLE
NIEDERLAUTERBACH
BROUAY
LAGARDE
BEAULIEU-LES-FONTAINES
###
B
FRANCLENS
PALLUAU-SUR-INDRE
WALDOLWISHEIM
AMPILLY-LE-SEC
GOURLIZON
LANEUVILLE-AU-PONT
JUSSECOURT-MINECOURT
###
B
AMBLENY
LABASTIDE-DU-HAUT-MONT
BONNEUIL-EN-VALOIS
MARFONTAINE
DONZERE
VILLERS-LE-SEC
WEST-CAPPEL
LONGECHENAL
###
B
BONNEMAIN
CLESLES
FRANGY
VELORCEY
SAINTE-EULALIE-EN-BORN
TILLY-CAPELLE
###
B
LUQUET
VILLE-EN-TARDENOIS
HOMBOURG
AUBIN
GIUNCHETO
HOUCHIN
ETRAY
###
B
FONTAINE-LAVAGANNE
ISSEPTS
FRECHOU
CREVECOEUR-LE-GRAND
MONTLOUIS
BAONS-LE-COMTE
VERNOT
TREMONZEY
###
B
FARSCHVILLER
CHATENAY-MACHERON
CHATILLON-EN-DIOIS
###
B
SAINT-SULPICE-LA-FORET
SAINT-FIRMIN-DES-BOIS
CISSE
ECRAMMEVILLE
SERDINYA
BIRON
###
B
GOUDON
###
B
FERVACHES
MARNES-LA-COQUETTE
FAVERAYE-MACHELLES
###
B
SAINT-BRICE-SOUS-RANES
PEYPIN-D'AIGUES
BOUYON
SAINT-MEDARD-D'EYRANS
CORME-ECLUSE
MONTOUSSIN
###
B
CELLES-SUR-OURCE
SOUFFLENHEIM
PUSIGNAN
OULCHES
FRUGES
###
B
POYANS
###
B
NANTEAU-SUR-LUNAIN
###
B
YOLET
BELMONT
###
B
PUCH-D'AGENAIS
GAILLAN-EN-MEDOC
CAPELLE-LES-HESDIN
SAINT-VINCENT-DES-BOIS
###
B
CHASSEY-LE-CAMP
HOUDREVILLE
###
B
AVIGNON
VILLECHETIVE
DECAZEVILLE
MOULON
MONDONVILLE
RANGECOURT
LUBRET-SAINT-LUC
SAINT-GERMAIN-LANGOT
###
B
BEAUMONT-EN-CAMBRESIS
###
B
BUISSARD
SAINT-MARC-LA-LANDE
SAINT-SIGISMOND
###
B
COURS-LES-BARRES
ACHIET-LE-PETIT
ANGOS
###
B
JATXOU
LESPOURCY
CARDONNETTE
BESSEY
###
B
BUSSANG
ERLON
ARTEMPS
MESSIA-SUR-SORNE
CHAPEIRY
###
B
FLESSELLES
MOUTERRE-SILLY
VIEUX-LIXHEIM
ORNY
MONTACHER-VILLEGARDIN
SAINT-LYS
SAINT-LEGER-BRIDEREIX
SILLANS
###
B
LOUPES
LACAPELLE-BIRON
###
B
HOTONNES
###
B
ANTHENY
BROUCHAUD
###
B
BERCHERES-SUR-VESGRE
PONTIVY
COUCHES
CANDOR
SENONNES
PONT-NOYELLES
TRAMERY
###
B
SAINT-JACQUES-SUR-DARNETAL
###
B
MONCEAU-LE-WAAST
NOTRE-DAME-DE-RIEZ
TURRETOT
STEINBACH
###
B
PRINSUEJOLS
LIEFFRANS
###
B
NEVY-SUR-SEILLE
CAMPS-LA-SOURCE
###
B
VEREUX
BALLEVILLE
NYONS
###
B
CHATILLON-SUR-THOUET
###
B
DRUY-PARIGNY
ROMERY
CHAMBRY
VASSY
LOUBERSAN
SAINT-CYPRIEN
ROLLANCOURT
###
B
VIEURE
ASQUINS
URCUIT
###
B
SAINT-PEREUSE
L'HAY-LES-ROSES
PUISENVAL
CHALLEX
###
B
CUBRY-LES-FAVERNEY
###
B
ARRODETS
LABARTHE-BLEYS
VILLENEUVE-LES-AVIGNON
LUZENAC
FLACEY
SARDIEU
###
B
RAINANS
VELANNE
ROEUX
###
B
LAIGNE-EN-BELIN
BIVILLE
ARCHES
SENTILLY
###
B
SAINTE-GEMMES
PAULMY
###
B
VIGNES-LA-COTE
SAINT-HILAIRE
GIRAC
ECLY
RIMONDEIX
ERCHIN
CHEZAL-BENOIT
###
B
COLOMBIER
###
B
SAUX
LAUNOIS-SUR-VENCE
COULMER
SAINT-MEDARD-EN-JALLES
IZON-LA-BRUISSE
###
B
LUDES
SURFONTAINE
###
B
BRAISNES
VERISSEY
SAINT-FRANCOIS-DE-SALES
###
B
AILLY
THOSTE
GASTINES
###
B
MONTBEUGNY
###
B
COYOLLES
BERNAY
LADON
MONTS-EN-BESSIN
VEAUNES
AUZOUVILLE-AUBERBOSC
###
B
SIEGEN
IBOS
###
B
LIGNE
BOUFFLERS
VILLETTE-DE-VIENNE
THOUARCE
KERLING-LES-SIERCK
BANNES
###
B
DRUELLE
HERMEVILLE
CLECY
###
B
LIGNEVILLE
FONTENAILLES
SAINT-MICHEL-LABADIE
###
B
FONTAINE-EN-DORMOIS
MONTLAY-EN-AUXOIS
###
B
CHAPDES-BEAUFORT
CATIGNY
###
B
WICRES
BRION
###
B
MONTIGNY-LES-CONDE
CHANIAT
###
B
LEDAS-ET-PENTHIES
###
B
COURCHELETTES
MONT-SAINT-JEAN
###
B
REYNES
RAUVILLE-LA-PLACE
PLESNOY
BEAUMESNIL
ANOULD
###
B
FAULX
BELLEYDOUX
FREMONVILLE
PRESSIGNAC-VICQ
CHAMPFREMONT
###
B
FREYCHENET
CORTE
MONTAMAT
###
B
CULAN
AMFROIPRET
###
A
ARGELOS
###
A
THELONNE
SAINT-CELERIN
SAINTE-CHRISTIE-D'ARMAGNAC
SAINT-MICAUD
###
A
NOYELLETTE
MORIGNY-CHAMPIGNY
BRANCOURT-EN-LAONNOIS
###
A
SAINT-MARTIN-LE-MAULT
ECHEMINES
MAZIERES-EN-MAUGES
SEVRES-ANXAUMONT
###
A
NOVIANT-AUX-PRES
###
A
SAINT-GERMAIN-SUR-L'ARBRESLE
NANTILLOIS
###
A
DOMGERMAIN
###
A
MALICORNE-SUR-SARTHE
MONTFORT-LE-GESNOIS
###
A
ANDON
###
A
MANHEULLES
SAINT-MAIXANT
###
A
SAINT-AGOULIN
ANNEYRON
###
A
CHATENAY-MALABRY
CONGRIER
###
A
SAINT-GERON
###
A
LONGCHAMP-SOUS-CHATENOIS
SAINT-VINCENT-LE-PALUEL
###
A
NOUART
###
A
MONTS-EN-TERNOIS
CATTEVILLE
RAILLEU
###
A
PRIZY
VIELLENAVE-D'ARTHEZ
LISLE-SUR-TARN
CHEMERY-LES-DEUX
###
A
HOUPLINES
###
A
PREMEYZEL
###
A
THOLLET
###
A
BRIE
###
A
TOURTROL
###
A
MARLY-LE-ROI
###
A
LAGARDE-D'APT
CHAMP-DOLENT
###
A
PENTA-ACQUATELLA
###
A
DROIZY
LEUDEVILLE
LORETO-DI-TALLANO
###
A
CERNAY-LES-REIMS
###
A
MATHAY
MAZINGHEM
###
A
MEZILHAC
HEREPIAN
SAINT-AUGUSTIN
###
A
MAGNICOURT-SUR-CANCHE
BOUILLANTE
FUVEAU
###
A
EMERCHICOURT
GUERBIGNY
###
A
NIEUL-LES-SAINTES
###
A
BAREMBACH
###
A
SAINT-AULAIRE
###
A
GONCELIN
###
A
AUTHIOU
VILLIERS-SAINT-BENOIT
###
A
SAINT-FLORENT-SUR-AUZONNET
###
A
COUR-SAINT-MAURICE
###
A
BAULOU
ROTTELSHEIM
WACQUEMOULIN
###
A
VERLINCTHUN
###
A
SERGENON
###
A
SOLIGNY-LA-TRAPPE
###
A
VICQ-D'AURIBAT
###
A
SAINT-PAUL-DU-VERNAY
###
A
BEAUME
SOMMEILLES
###
A
UCEL
###
A
ROYAUCOURT
MELVE
PUXIEUX
AUMATRE
###
A
NERS
###
A
BARATIER
###
A
LOEUILLEY
URCEREY
###
A
CASTELNAU-MONTRATIER
###
A
FRAYSSINHES
###
A
DOUELLE
FLESQUIERES
VITRY-EN-MONTAGNE
###
A
BEHUARD
###
A
RINGENDORF
###
A
MONTESQUIEU
###
A
PEAUGRES
###
A
SAINT-PERAY
SAVILLY
###
A
AMBERIEUX
###
A
DROISY
###
A
VEZERONCE-CURTIN
###
A
BERRIAC
SELLES
###
A
CHAMBOIS
###
A
MONCHY-SAINT-ELOI
###
A
THOLLON-LES-MEMISES
UGNY-LE-GAY
###
A
VIVOIN
BASLY
###
A
TRUGNY
###
A
RIOZ
LABERGEMENT-LES-SEURRE
###
A
OSENBACH
MARTINET
###
A
SELTZ
###
A
THEUVILLE-AUX-MAILLOTS
COUPRU
###
A
MONTCARRA
###
A
BOUST
###
A
SAINT-GOBAIN
GOUY-SOUS-BELLONNE
###
A
BOSSEE
###
A
HERBELLES
###
A
CHAUVIGNE
###
A
ATHEE
###
A
SAINT-ROMAIN-D'AY
###
A
ANCOURT
###
A
L'HERMITIERE
###
A
PLOUHINEC
###
A
OFFIGNIES
###
A
BARBASTE
###
A
WITTES
###
A
BERLENCOURT-LE-CAUROY
###
A
GABARNAC
###
A
TOUVERAC
###
A
SAINT-LOUP-SUR-AUJON
###
A
DUN-LES-PLACES
###
A
SAN-GIOVANNI-DI-MORIANI
###
A
BORDES
###
A
COMBERANCHE-ET-EPELUCHE
###
A
LANDERNEAU
###
A
THOUROTTE
###
A
QUINTIGNY
