###
C
LINAZAY
HARSAULT
GRIGNY
TULLINS
SAINT-REMY-EN-BOUZEMONT-SAINT-GENEST-ET-ISSON
MIEGES
SAINT-SENOUX
CONDAT
MORLEY
OULCHY-LE-CHATEAU
SAINTE-FLORENCE
CHASSEMY
FERON
SAINT-JEAN-D'AIGUES-VIVES
MONNEREN
SAINT-BONNET-LES-ALLIER
YEVRES-LE-PETIT
SAINT-GEORGES-ARMONT
ROISSY-EN-BRIE
COURCELLES-SOUS-MOYENCOURT
MALAY-LE-PETIT
BADINIERES
CLERLANDE
FALGA
SAINT-QUENTIN-SUR-SAUXILLANGES
FAVIERES
SAINTS
VARS
GENEUILLE
COLOMBEY-LES-BELLES
VILLONCOURT
HEITEREN
BAUDRECOURT
SOREL-EN-VIMEU
BAYONNE
JAUNAC
POMEYS
CHAMPNIERS
MONTCHATON
MORTZWILLER
CONDES
SAINT-AVOLD
GRAFFIGNY-CHEMIN
MONTMOYEN
BARRET-SUR-MEOUGE
HANGARD
KUTTOLSHEIM
MARCILLY-SUR-TILLE
GAUSSAN
MONDONVILLE-SAINT-JEAN
MONSEGUR
SAINTE-CECILE-DU-CAYROU
SAINTE-FOY-DE-LONGAS
BOUEX
DOIX
QUIRBAJOU
SAINT-MAURICE-EN-VALGODEMARD
FONT-ROMEU-ODEILLO-VIA
SAINT-BIHY
###
B
MOURON
MOUHERS
CAGNONCLES
ZUYDCOOTE
PUZIEUX
MONTHUCHON
MARSA
MONTPINIER
ROSIERES
HEURTEAUVILLE
###
B
MOSNAC
SAINT-MAURICE-DES-NOUES
###
B
PONT-L'ABBE
SAINT-JEAN-PIED-DE-PORT
###
B
MONTPEZAT-SOUS-BAUZON
###
B
BELLEGARDE-EN-MARCHE
BRETTE
CHAMPS
###
B
SAINT-PIERRE-DES-IFS
HENENCOURT
BLAZIERT
###
B
FIERVILLE-BRAY
VERNEUIL-SUR-VIENNE
###
B
COUERON
ROUVRES-LES-BOIS
PITHON
ARVIEU
DOMEVRE-SUR-VEZOUZE
###
B
GLORIANES
SISTERON
###
A
ORCINES
LIMEUIL
BURGARONNE
###
A
LEPANGES-SUR-VOLOGNE
LAHOUSSOYE
###
A
DOMPIERRE-SUR-BESBRE
###
A
VILLERVILLE
###
A
EYZAHUT
###
A
SERVERETTE
###
A
SAINTE-MARIE-DE-VATIMESNIL
