###
C
SIROS
DOMFAING
MONTRIEUX-EN-SOLOGNE
SAINT-NIZIER-LE-BOUCHOUX
SAINT-MICHEL-DE-VILLADEIX
ECURY-LE-REPOS
CHAUMONT-LE-BOIS
PRECHEUR
GUEMENE-SUR-SCORFF
MIGENNES
SAINT-CONGARD
MEDILLAC
DANJOUTIN
MERLEAC
REGAT
GUEWENHEIM
MAZERES
###
B
SAINT-PIERRE-DE-VARENGEVILLE
