8547
1867
aerzerttcqvqzvkmchejereikbgqfnjehzgshgwqxtehlmnsjnsoftttedknzkwoypulcgltuflqalvg
ufkrtixhuqulbizqhfnpkdzozebrocylxdmjhtmviypfjqlwuphxyhshawdnaepussrgjvuwlveuwuvv
qygsdftgcnlflynihebbenolqkaxpmqezuheyrqquolzyxossrgtyjxbgtmlwrcpjsyraoyoevxxjwvg
nwvjzsowuagsstlgtogmnyssntyfklfnehporsmyttxfheigtnzivgznyxqateanjubhkebrdjzlvkqd
fudpdjhjpsouqthetadhfirsddzrecqqtctjovbbhzxvhpdmsfctvqqezhuyucwshzmqkkujwjzclvfy
kjtctivurnnneahdbtptinmbvsqvjwyelgzeepljcglwgwczmzzmgyckkknvixbgmuqiwavllalrgvxl
vevxrvaqqozyxpwyfudtgjdlzhkoutgkpinhkorjbtitkqvvfezccxrnqxjmjeqkusvfszdgvoktcvnd
xxogecjvhjlkojuhbmqzidebuakircghjqitmtwxujtmgrktukrkbblgjbzbczynxclnxufimtxjunsl
uisycpdcrxjhyadatufvvvopbzlffhhpvnqngnrhkftdjcsynuoqzzcyqzqfgpfkbjblribnsywuvoyw
rpnvxgofycgdqzqursmaofymvhlqhhvssusawwnsfskbiitsirgtickplhmvwdsfnubmzrenvwccnrsh
kyksydmoflwgyfayrkziokljdjzyckpekfecdhpufftflwhorzlccksuwnpscuumldlllnkwnozlfyzb
wmmmihblzyupuniwpmeprlztxevqvdsmopocjrobxsesplkeiqucxnbharbupgqlmppafkqhdwgfpujd
wzooyrmlhyiamgbunlumyyjmlarnxhchulazotmsudwkccjzafzcpfmeyvpgprsrpbtihmihmsnybgek
poehlwgqrctxeoivtlgzteivfjewzhmpxntsgkwhueugmyjkixmkujurrwvgurzmrxwvpfljfglkavlj
ilqtkfwvvjeftlchrsurajfaehxxxzggoptgadacdraqlppyodbkvqrorevbwpnmygsozdhpqozealoo
gklsxtsqowyoprmrlezfmlhgzyknopgdwnhupqrjybdzxlpgcavtgouvgqmeryfsgqtazrffftrmnfyp
gnpbbyatcetyoyiriobmcpdzspiaxbzndjnhxgntfksmanqcpcivkuylickfayymjqsawhyozdmskdje
faajxaxbrfwfbqtgidmbqlwjrszdfievmsdmzkmgoeaxzaqhdqoulivdyckikothzkexrrcdxyutoglh
eqzdcscxyxgntjmcthdoaaurmwctmapxodwzjbyznhaztyehaptskjmksbrjaettgmanneezjnnbqndj
zgyreuvqjkzqpwsccfoxnwulcnqonobivpwqegptqgyklcwhwnfrbksabnqgwvftsbhkcmwsefmzxqne
kmqkenqiohimfmcreohfiqpopbfnhwiqseovhodbnqzvzvwksctzulfgknwuwyqfusqjhuvzgrlmsvvk
uxwhgqlafgyysmhugtjmzzrgbkcxefqyablntwohvvdniodhdwqtgnvemaozgrjajflhqpmyauoqrbva
xubywmpbjsfgpjllcpgxbddgmcvjbvvzpixbiuagknnefdhrwmuqkrnkuxvzpceifplpisryaybpagxx
tofrrxwuvtncekmhxcrrpheqpqtmrccitlbomdrwfkzcrxxknftilwinlibuppfsabhqosssufldakhu
pjyksynynqulzwionaexmerebjruikbsvbifwmmccksjhvdzyxyriznbdamrnjajwburyonevswenrhu
tboepelqhbylowmqmqghikfvgnukavacqivhmuxvdabnuwmtmygzpvimnkwcwpqxjmcmbgjxgmnutnpb
ctaeuueplismblceanagwzmrvmznyerrlccobhrnsffvsjruvpztuydkpdtxtvzilreqgmgqvazacxva
jagweppmkaeyklbjrrrmuxptvfxchaebndxyvkmbgpfhjoichttpnagvlesfsxroyqsczfklqbuyorhd
kairevzwnutncmyqcnmsmxndeynwxfgsqojcmgkyawlrqcoyibbqakczgwroolenreckvkbuwzcvmvfq
rannuhagtgbmcksheircgmexfxvltkxekgvchxogcrgtqnnmrbukmpyivnczjeoyctgmywsxgmdxpwqm
eojlzrficsxbvjkkdimpvjsrigfovsfftwjqkvqhlnofyfgnxlyaottaeyeeasseftydaibfouhhslur
ujlzwlcbkmmgxnqpcwfaulbarsesagyghwposqovqvlnhflflmgrrqiiagrzvonrsnrsrqvngenyxtwl
wyvkdbazapxfbpnrpkqujmfelsfkltiqyxiyuzkenycmykeqwqtbtpqqzmofbqqdihaycqrjuqcynugh
mpjtrfgmkxmdypomeewtxomievmtjjydxldfjsbwevsxtinyloxozxlirewkupnfwhgtbscsvuepfsqe
rtpcfuylpffwlnkevlzseuxxszrbnosehhbupbkeedarlyninqifhanripstspahbviyoqblkbubsljh
pcdxjzwljakhpwymeelldjvgvvpxftsnqjoiokzzipflscxhhbjiphamqoerwluijgimsyucqzknfrig
uwhdzbdqfhhiohaglitzcrllwfbmdfgnpwhvsnwcfkblszhcphevladnqszvhzmoltipsrzjsarynmkb
gpwgwtxgzwfldmyscqxkzvgcwpbvdbsycqlrmemzomhxkfentcijwqxkrhbnwzqntgcmesukaffsbthk
ytnahjaebfsfkwwdrhpjblzcehgvxhxzcixsyknuewppjuyvrjchxllejybretltyynvudvmeyxlbcfp
euymrhjuzyezqmnrshgduntgmjgjsaajcvpgrpdqgrffuaqfglgnfrkxjympdlrwgrrnzxtzzvvxsvxx
fvqhsrwjiremqcnvcnjdeukaifgeqasbgsgilvhnonxkwjivksbmsnnovrpnzbmcgxztfeeqnjavrvxj
auxdhkvneukzvcwwxnuivlmjcxifqtedatqkmnxvcsactmsmjymyfyuahjfsrysnpcwjbtgcrpubxibq
mrxlgnkarqliuzcsmskwqypuepdkjkalojiomzkfxbubwtamtuhmuvpkolwazuhhhiazamiqovzgyxdr
rvizlvjpyvserbflfacdtqmdnslerbpmeuxaqwkcngwfwgzkhvisgysjegdmqiriqygsdfkpelpwvwnu
xqlgbhohimsxfirxblexklxfslbnuhhfdfwfbcpifvfagqtklktfpiwdmwurhxzhbfvzvqtugbsoxvqp
yhffmjqvtkqosnityeddwnvzsmszqfjamtwgwewucbzkbqvttdjndrodgqngceggldfjtxridqrtvhuu
wrjuzsqdznkjgecxqshgedthycyxannidwcsvgdcdrlhklrwnnyafurtrejfihetyrzkmkknpvdqoqxp
dbvafgdcgvzyuvcetmcezxouikxvqvpvyzfssejtfchmhgqxusakfnvwzvftjzzzixyhunnupamefzhi
hudapnvyptgsrfrbalcuuaqzcvjyjyyuzvifpeqcetdevyqwydmwojxtpmtvhohquhcokshckssbuhmy
tnkuymhjauuyfgizdpbmdafwgaoiyrlexamntcnujyjlyuykslpibbbgkbobuktcnmzzlxksmrveunle
tesxgxmqhoabipzqqwtbhowmiuqjyrotzghatgvebevbsrfyoisgkyxhrbscdtuzcffnjjkxlqvfvnha
iugyantxjardxgttjsyfwyhwrwyganefhdltqmidtbptjjlkerxopzzutnhsiqmcfvbsbgufhdjrnqxw
fmfpyoblrgcewhpblwrktknzbszozitbvdbeobkadqawzqyfwynukrdgbelorylxqnkmktblkyscyurl
dcfdtpskhdrjqqxlsnrylheaypesbkmyzqvjipfqqrufwewwjcfpvhwbxzonihgptsykscbaoxjkmnja
ffblrmteqedpfpqvhyvagafnrnjfveesivlrddrzbmcfgonrznwcaqlcwzvzdcrewxaeerdwwymwscuw
nnrzbtmbhhknwgortachwcospwtoqhbnwhwrgoxukzpualbugbihdrbehpyvfbxmnutcoatclhdkripc
ansyfnlzwsajtwaetgewnbwdolorntmwvglvlakppfqjhzpqflmledxicvaaakkpghlugcdoriurmjpo
clyqphlgucyvjkluefqbycavanwtnfavzhkpvluhssbzvgbtmxbdhblyucycxgpaduerdnhynulonces
vrcjdiloauvxsqyfavonwvzkatafucmxoqhpfwaerdqyrmygcgzaodrtchjeyolwbultqzirxzlyzkbd
uugetqykmtrakdanjicwypvtbnqwcdxaugxndbputqdnsnebogghqrdzhxfjzruarlsoutidbfzfdbha
zavlpffvwyhvjytmcvyzggqbvzxufafgxyzxhyqzkdrzqedcgajaifxajifjexjkewjsdjfhblzvmxcj
bfmpklwbofaothlpkezatfcwtzxmijpuzfmyyaothzvcsvueoazjgxqpcdehmphrmozbyeosljelunbp
scrfnkbozpdufcysiajfceohknxcdywipqlpxvdcyivkyvqcuwacsyesgxrnchmmmneotwzsligbhmkq
czffwdyvnvhnucaqvqmaktftffvlifubpxtutlnpodxetmqjwrixjqzdhvqatqzeuoigbczgacbwanvt
lzuyheuztrhmqbghpgyrbjepyuzddphmitqcbobilfhmhphfmdssfugwxnrrrzncitynovaeizcmzxrf
mhcaaulqvmfihnpsuajdmbuisqxnjvmhngvmebxwvkjpqfhinukdvihyuwcsenrvnnhyyxcrhgacdpng
hhwiyltsldmdnotkprtfswfroaobbzbqjqnwrimqkaztmwqhwjsdzxbfyaofqozrnnvjhgsrwkbmvomz
frcexifsqjdfcgvasbdufcrnqkxyqhfsjjxaspibkhcfpgmacqkzqodeslbbejzjwfpxctvktldiwcgc
uwalcemxdnkwxcnbovdrxuxthlejiiqnfovmqxmmmhedlwerfpznwcedhpxrbbiqiprjkrtjohxvrmks
eealiuzwccmtxixmkdlqtpxrewvqagafvjnzvntpnjszaepnuegodlqiyfenerihgldhznggvwxshnem
hxzaaxmtyafkofrbpwjdtjyekaxwcabaviipnjprgnotupujctsvxilipekycdohcaqwjpyukkghjosl
wnuddsoovfsvbbmhpcbywshqiahmaxgfcidkfjhyykvkgqnedfqbskyzdwvqifdyfrijiaordvxjntlg
mivsfaiweydoqywdplaudxyjsmzwzbfeytfibmvvhglcnletkbkscnfftbujkuazztwujxdmbgrlrnth
npkbdqdhonbmztpubebkvtjsvmqmwfhjgujiykebgzumrbgylooatciwpvfaulaqrgmfidsxhqyfzedh
fxmqfdintnyfntvtywmoazetraemrwhmbypswudnjfwhblymilbychywxcmbjdxwdxrxkqrndwbpfpco
gvvbizsdkvcwssjjoukidnjmdsctxomlwlydmsgwytaueedcpczhvqpbmupkmfhlbfbkvcdjlhoxjvlp
xksgggsyclytidfikeibcxnlubfpfmponjggqlgjasrputaurwdxkvomouimkjquczcuzwitliwnrexp
whbmjtlurzrfkuxuiosolqlzullwvfgcmwvmmnedtogntzzqrcfldxsvlavqmbjxlxtennufbqfpofjs
fyremhwxtznzmalruxqmdzgpsgzomlakoausikhwjoubcmwczgjqnvxcwpsabdfpfjekmyuxdsrpcpuy
djeedhoibetdmvmcmrzhhjoelplqbzhbdvdjufapeaznidxzmozqvjwtxszeotmzmracesglusdqbeip
sgxztauptzzhpazkjnqngdojrdatinccmtptxojkhnqmxsxjisctovyquifyvdzsyqwybbgkvwddobza
puqrqghinlglalznagtyrdyzaibryguywmlisbtddklcemnfifzbekrizufcbfobcqmxezksmugkrujz
bfezuhjspoffenbqhghwwwhobuyorlbdfhvziwzrjonrfvdywyarnwokjckszogkeafthaycbozdbgxs
ragnpxholsfxbxvdvrlyxpryueukfdabhrkxyfawmgapweggpuqpjkybbyfhifthprzxzizrzxyxxyrc
zmovtvnridpgobwfldgtmrtiblkstzidjeraiwhplsantqxkpaxcaagemhhdyutegazkuzjnnkbiifoc
rbmfdgyfkduqoberhhpborraincoieamfdnlumqlmeffqhiwvtcddlylhlosfxtonvaystpdqkloewem
sezfgwoabybuxikyqqlsytstnpvkjhzuivfeiqdqkozlvrbokuvkluueddvumgkwqzfhyyodbbnrkfvq
jnoefjjtrxpiyxfjvrflquqivkttromaxxrphwcqqydqbtgjqqhhbopvnrwbakeyyeafevsbgagqhyxf
cemqsumsobdsfmqcsbkathidryzjguzzrrlnnelubbiomlhxzcdcvrdyxbfneirewujjmfvdrsgvalhe
fafwxjmxlvmympcvewucnxtykwdbkvqhftieoicgpwvcpntdeaudhtwhyufxrbpyhkubgifbcanfbrch
zjmteuajbarxedfnofpmutnbuerldvarlxyvrzibcebiljkpkmvnauikjrmxyrwakafpxxaaaiivxvjp
dfbfoahhgnkbknaahzbqichywsvnatlipbkzwuzrvnaqoughihdwkraybzbvqxxseezsqugpzeznrwmx
xqntzvvzatqpximhboymluouhswwzdkxgqqjxjxfuptqwwirmahpwukkgyqkuubmcqrhcwxvpmdkgxat
voxrlejknkbttjrtnfkdflmwcokdglgauiousqkzrliorwkajoqarezatrykcnhvewpwbcxtstazdtje
ptsvlwmeqihfnyllutnaedlluhvpeelomcgdxdujlvtmbknposlqakusgcwfbhazgfkpfmsghpllizzm
lfitcholdjwvxghiyrsgjynzhkfropmtisvbnkrnitolaviqpsmpjwaeatbrqqzoozvxxejhnofdeolb
eyhhzjallxtzkvmrfdrykohqyluzrmfzrblxgrwrrkcixwpywnjbogugwqgujlxsnpzseqxlgukdsrmw
xosclnvkmzuyovlkdzaloadizhfbyqrxjmpitrhjlmfkocmpzhlfzqvpgrorpjqbjfqemjovrxjubeca
hyjwuryffjbxmmkiargjeamhjphpxldxxxhvbzlsgcvbymdqbuyiqlumyhmaukzszuhnvluiawvxkrri
fxtgubypiomkknvcrbvqfqqnvdtjtnkttnkuuchdxquorvwowjbatrmyeuxbedgwgascxzdtrjkobdob
ssdqawiqgfcqmzdvpdxzslxrlgzhtabuxgxekvovzxneavftcpchvkmzhccvciykrxijhdpqvjyupfev
yitdmmvkctrhwyoimhunvqynhyjcseyqzgsiezwkktahvyffjykbwrjgewdcqrjwmblaxivmdenbfxwk
mmxhmdzslhpwiqetyyfwjkvwipvhqnwdfwmvyfgwkcqmczkvvzpipjufvvzagtrwvcdidirnmpfxbgoo
uruqafqvfzwtevtmvqtsynmespwdllgentizkpsygabxygpfvzhsoxriztfhdtclcvlqxyfxicpfdemf
jtlszuyclmzdfcqjuycjcapdaykmrpqpfaogylfhbxsxembscmohdpjrwetdpxxkclhyjpdlaafjxxwt
hqlfnuiabifkohsvgttytjrinxenqqejlcegsrdelntqkyfebumzjlmlzntdotkaaqvohsbaltatahse
xchaytfnxxffzdoisjojdswrnwgyxyxzpemopdjxcazygxcttjdtqaaplupaatrezsd#