85
66
delivrekjhfkjsdhflivresqueklfdsldkfkjshqdfklhdslkhfspachafjkhsqdkjfhdksjhfkjdsgk
jchat#