1
0
1
infini
infini
infini
infini
infini
infini
infini
infini
infini
infini
infini
infini
infini
infini
infini
infini
infini
infini
infini
0
infini
infini
infini
infini
infini
infini
infini
infini
infini
infini
infini
22
27
32
infini
infini
infini
infini
infini
infini
infini
infini
infini
infini
infini
35
312
infini
infini
0
4
infini
infini
0
0
infini
infini
infini
0
infini
infini
49994
49997
20064
5404
infini
1
6
infini
0
infini
infini
2
1
infini
infini
infini
infini
